Sep 14 17:01:31 owaspbwa kernel: imklog 4.2.0, log source = /proc/kmsg started.
Sep 14 17:01:31 owaspbwa rsyslogd: [origin software="rsyslogd" swVersion="4.2.0" x-pid="779" x-info="http://www.rsyslog.com"] (re)start
Sep 14 17:01:31 owaspbwa rsyslogd: rsyslogd's groupid changed to 102
Sep 14 17:01:31 owaspbwa rsyslogd: rsyslogd's userid changed to 101
Sep 14 17:01:31 owaspbwa kernel: [    0.000000] Initializing cgroup subsys cpuset
Sep 14 17:01:31 owaspbwa kernel: [    0.000000] Initializing cgroup subsys cpu
Sep 14 17:01:31 owaspbwa kernel: [    0.000000] Linux version 2.6.32-25-generic-pae (buildd@rothera) (gcc version 4.4.3 (Ubuntu 4.4.3-4ubuntu5) ) #44-Ubuntu SMP Fri Sep 17 21:57:48 UTC 2010 (Ubuntu 2.6.32-25.44-generic-pae 2.6.32.21+drm33.7)
Sep 14 17:01:31 owaspbwa kernel: [    0.000000] KERNEL supported cpus:
Sep 14 17:01:31 owaspbwa kernel: [    0.000000]   Intel GenuineIntel
Sep 14 17:01:31 owaspbwa kernel: [    0.000000]   AMD AuthenticAMD
Sep 14 17:01:31 owaspbwa kernel: [    0.000000]   NSC Geode by NSC
Sep 14 17:01:31 owaspbwa kernel: [    0.000000]   Cyrix CyrixInstead
Sep 14 17:01:31 owaspbwa kernel: [    0.000000]   Centaur CentaurHauls
Sep 14 17:01:31 owaspbwa kernel: [    0.000000]   Transmeta GenuineTMx86
Sep 14 17:01:31 owaspbwa kernel: [    0.000000]   Transmeta TransmetaCPU
Sep 14 17:01:31 owaspbwa kernel: [    0.000000]   UMC UMC UMC UMC
Sep 14 17:01:31 owaspbwa kernel: [    0.000000] BIOS-provided physical RAM map:
Sep 14 17:01:31 owaspbwa kernel: [    0.000000]  BIOS-e820: 0000000000000000 - 000000000009ec00 (usable)
Sep 14 17:01:31 owaspbwa kernel: [    0.000000]  BIOS-e820: 000000000009ec00 - 00000000000a0000 (reserved)
Sep 14 17:01:31 owaspbwa kernel: [    0.000000]  BIOS-e820: 00000000000dc000 - 0000000000100000 (reserved)
Sep 14 17:01:31 owaspbwa kernel: [    0.000000]  BIOS-e820: 0000000000100000 - 000000002fee0000 (usable)
Sep 14 17:01:31 owaspbwa kernel: [    0.000000]  BIOS-e820: 000000002fee0000 - 000000002feff000 (ACPI data)
Sep 14 17:01:31 owaspbwa kernel: [    0.000000]  BIOS-e820: 000000002feff000 - 000000002ff00000 (ACPI NVS)
Sep 14 17:01:31 owaspbwa kernel: [    0.000000]  BIOS-e820: 000000002ff00000 - 0000000030000000 (usable)
Sep 14 17:01:31 owaspbwa kernel: [    0.000000]  BIOS-e820: 00000000f0000000 - 00000000f8000000 (reserved)
Sep 14 17:01:31 owaspbwa kernel: [    0.000000]  BIOS-e820: 00000000fec00000 - 00000000fec10000 (reserved)
Sep 14 17:01:31 owaspbwa kernel: [    0.000000]  BIOS-e820: 00000000fee00000 - 00000000fee01000 (reserved)
Sep 14 17:01:31 owaspbwa kernel: [    0.000000]  BIOS-e820: 00000000fffe0000 - 0000000100000000 (reserved)
Sep 14 17:01:31 owaspbwa kernel: [    0.000000] DMI present.
Sep 14 17:01:31 owaspbwa kernel: [    0.000000] Phoenix BIOS detected: BIOS may corrupt low RAM, working around it.
Sep 14 17:01:31 owaspbwa kernel: [    0.000000] last_pfn = 0x30000 max_arch_pfn = 0x1000000
Sep 14 17:01:31 owaspbwa kernel: [    0.000000] x86 PAT enabled: cpu 0, old 0x7040600070406, new 0x7010600070106
Sep 14 17:01:31 owaspbwa kernel: [    0.000000] Scanning 0 areas for low memory corruption
Sep 14 17:01:31 owaspbwa kernel: [    0.000000] modified physical RAM map:
Sep 14 17:01:31 owaspbwa kernel: [    0.000000]  modified: 0000000000000000 - 0000000000010000 (reserved)
Sep 14 17:01:31 owaspbwa kernel: [    0.000000]  modified: 0000000000010000 - 000000000009ec00 (usable)
Sep 14 17:01:31 owaspbwa kernel: [    0.000000]  modified: 000000000009ec00 - 00000000000a0000 (reserved)
Sep 14 17:01:31 owaspbwa kernel: [    0.000000]  modified: 00000000000dc000 - 0000000000100000 (reserved)
Sep 14 17:01:31 owaspbwa kernel: [    0.000000]  modified: 0000000000100000 - 000000002fee0000 (usable)
Sep 14 17:01:31 owaspbwa kernel: [    0.000000]  modified: 000000002fee0000 - 000000002feff000 (ACPI data)
Sep 14 17:01:31 owaspbwa kernel: [    0.000000]  modified: 000000002feff000 - 000000002ff00000 (ACPI NVS)
Sep 14 17:01:31 owaspbwa kernel: [    0.000000]  modified: 000000002ff00000 - 0000000030000000 (usable)
Sep 14 17:01:31 owaspbwa kernel: [    0.000000]  modified: 00000000f0000000 - 00000000f8000000 (reserved)
Sep 14 17:01:31 owaspbwa kernel: [    0.000000]  modified: 00000000fec00000 - 00000000fec10000 (reserved)
Sep 14 17:01:31 owaspbwa kernel: [    0.000000]  modified: 00000000fee00000 - 00000000fee01000 (reserved)
Sep 14 17:01:31 owaspbwa kernel: [    0.000000]  modified: 00000000fffe0000 - 0000000100000000 (reserved)
Sep 14 17:01:31 owaspbwa kernel: [    0.000000] init_memory_mapping: 0000000000000000-0000000030000000
Sep 14 17:01:31 owaspbwa kernel: [    0.000000] NX (Execute Disable) protection: active
Sep 14 17:01:31 owaspbwa kernel: [    0.000000] RAMDISK: 2f684000 - 2fecf2ab
Sep 14 17:01:31 owaspbwa kernel: [    0.000000] ACPI: RSDP 000f6a00 00024 (v02 PTLTD )
Sep 14 17:01:31 owaspbwa kernel: [    0.000000] ACPI: XSDT 2fee865b 0005C (v01 INTEL  440BX    06040000 VMW  01324272)
Sep 14 17:01:31 owaspbwa kernel: [    0.000000] ACPI: FACP 2fefee73 000F4 (v04 INTEL  440BX    06040000 PTL  000F4240)
Sep 14 17:01:31 owaspbwa kernel: [    0.000000] ACPI: DSDT 2feea6bb 147B8 (v01 PTLTD  Custom   06040000 MSFT 03000001)
Sep 14 17:01:31 owaspbwa kernel: [    0.000000] ACPI: FACS 2fefffc0 00040
Sep 14 17:01:31 owaspbwa kernel: [    0.000000] ACPI: BOOT 2feea693 00028 (v01 PTLTD  $SBFTBL$ 06040000  LTP 00000001)
Sep 14 17:01:31 owaspbwa kernel: [    0.000000] ACPI: APIC 2fee98bd 00742 (v01 PTLTD  ? APIC   06040000  LTP 00000000)
Sep 14 17:01:31 owaspbwa kernel: [    0.000000] ACPI: MCFG 2fee9881 0003C (v01 PTLTD  $PCITBL$ 06040000  LTP 00000001)
Sep 14 17:01:31 owaspbwa kernel: [    0.000000] ACPI: SRAT 2fee8757 008A8 (v02 VMWARE MEMPLUG  06040000 VMW  00000001)
Sep 14 17:01:31 owaspbwa kernel: [    0.000000] ACPI: HPET 2fee871f 00038 (v01 VMWARE VMW HPET 06040000 VMW  00000001)
Sep 14 17:01:31 owaspbwa kernel: [    0.000000] ACPI: WAET 2fee86f7 00028 (v01 VMWARE VMW WAET 06040000 VMW  00000001)
Sep 14 17:01:31 owaspbwa kernel: [    0.000000] 0MB HIGHMEM available.
Sep 14 17:01:31 owaspbwa kernel: [    0.000000] 768MB LOWMEM available.
Sep 14 17:01:31 owaspbwa kernel: [    0.000000]   mapped low ram: 0 - 30000000
Sep 14 17:01:31 owaspbwa kernel: [    0.000000]   low ram: 0 - 30000000
Sep 14 17:01:31 owaspbwa kernel: [    0.000000]   node 0 low ram: 00000000 - 30000000
Sep 14 17:01:31 owaspbwa kernel: [    0.000000]   node 0 bootmap 00011000 - 00017000
Sep 14 17:01:31 owaspbwa kernel: [    0.000000] (9 early reservations) ==> bootmem [0000000000 - 0030000000]
Sep 14 17:01:31 owaspbwa kernel: [    0.000000]   #0 [0000000000 - 0000001000]   BIOS data page ==> [0000000000 - 0000001000]
Sep 14 17:01:31 owaspbwa kernel: [    0.000000]   #1 [0000001000 - 0000002000]    EX TRAMPOLINE ==> [0000001000 - 0000002000]
Sep 14 17:01:31 owaspbwa kernel: [    0.000000]   #2 [0000006000 - 0000007000]       TRAMPOLINE ==> [0000006000 - 0000007000]
Sep 14 17:01:31 owaspbwa kernel: [    0.000000]   #3 [0000100000 - 0000935818]    TEXT DATA BSS ==> [0000100000 - 0000935818]
Sep 14 17:01:31 owaspbwa kernel: [    0.000000]   #4 [002f684000 - 002fecf2ab]          RAMDISK ==> [002f684000 - 002fecf2ab]
Sep 14 17:01:31 owaspbwa kernel: [    0.000000]   #5 [000009ec00 - 0000100000]    BIOS reserved ==> [000009ec00 - 0000100000]
Sep 14 17:01:31 owaspbwa kernel: [    0.000000]   #6 [0000936000 - 000093d1c0]              BRK ==> [0000936000 - 000093d1c0]
Sep 14 17:01:31 owaspbwa kernel: [    0.000000]   #7 [0000010000 - 0000011000]          PGTABLE ==> [0000010000 - 0000011000]
Sep 14 17:01:31 owaspbwa kernel: [    0.000000]   #8 [0000011000 - 0000017000]          BOOTMAP ==> [0000011000 - 0000017000]
Sep 14 17:01:31 owaspbwa kernel: [    0.000000] found SMP MP-table at [c00f6a70] f6a70
Sep 14 17:01:31 owaspbwa kernel: [    0.000000] Zone PFN ranges:
Sep 14 17:01:31 owaspbwa kernel: [    0.000000]   DMA      0x00000010 -> 0x00001000
Sep 14 17:01:31 owaspbwa kernel: [    0.000000]   Normal   0x00001000 -> 0x00030000
Sep 14 17:01:31 owaspbwa kernel: [    0.000000]   HighMem  0x00030000 -> 0x00030000
Sep 14 17:01:31 owaspbwa kernel: [    0.000000] Movable zone start PFN for each node
Sep 14 17:01:31 owaspbwa kernel: [    0.000000] early_node_map[3] active PFN ranges
Sep 14 17:01:31 owaspbwa kernel: [    0.000000]     0: 0x00000010 -> 0x0000009e
Sep 14 17:01:31 owaspbwa kernel: [    0.000000]     0: 0x00000100 -> 0x0002fee0
Sep 14 17:01:31 owaspbwa kernel: [    0.000000]     0: 0x0002ff00 -> 0x00030000
Sep 14 17:01:31 owaspbwa kernel: [    0.000000] Using APIC driver default
Sep 14 17:01:31 owaspbwa kernel: [    0.000000] ACPI: PM-Timer IO Port: 0x1008
Sep 14 17:01:31 owaspbwa kernel: [    0.000000] ACPI: LAPIC (acpi_id[0x00] lapic_id[0x00] enabled)
Sep 14 17:01:31 owaspbwa kernel: [    0.000000] ACPI: LAPIC (acpi_id[0x01] lapic_id[0x02] enabled)
Sep 14 17:01:31 owaspbwa kernel: [    0.000000] ACPI: LAPIC (acpi_id[0x02] lapic_id[0x04] disabled)
Sep 14 17:01:31 owaspbwa kernel: [    0.000000] ACPI: LAPIC (acpi_id[0x03] lapic_id[0x06] disabled)
Sep 14 17:01:31 owaspbwa kernel: [    0.000000] ACPI: LAPIC (acpi_id[0x04] lapic_id[0x08] disabled)
Sep 14 17:01:31 owaspbwa kernel: [    0.000000] ACPI: LAPIC (acpi_id[0x05] lapic_id[0x0a] disabled)
Sep 14 17:01:31 owaspbwa kernel: [    0.000000] ACPI: LAPIC (acpi_id[0x06] lapic_id[0x0c] disabled)
Sep 14 17:01:31 owaspbwa kernel: [    0.000000] ACPI: LAPIC (acpi_id[0x07] lapic_id[0x0e] disabled)
Sep 14 17:01:31 owaspbwa kernel: [    0.000000] ACPI: LAPIC (acpi_id[0x08] lapic_id[0x10] disabled)
Sep 14 17:01:31 owaspbwa kernel: [    0.000000] ACPI: LAPIC (acpi_id[0x09] lapic_id[0x12] disabled)
Sep 14 17:01:31 owaspbwa kernel: [    0.000000] ACPI: LAPIC (acpi_id[0x0a] lapic_id[0x14] disabled)
Sep 14 17:01:31 owaspbwa kernel: [    0.000000] ACPI: LAPIC (acpi_id[0x0b] lapic_id[0x16] disabled)
Sep 14 17:01:31 owaspbwa kernel: [    0.000000] ACPI: LAPIC (acpi_id[0x0c] lapic_id[0x18] disabled)
Sep 14 17:01:31 owaspbwa kernel: [    0.000000] ACPI: LAPIC (acpi_id[0x0d] lapic_id[0x1a] disabled)
Sep 14 17:01:31 owaspbwa kernel: [    0.000000] ACPI: LAPIC (acpi_id[0x0e] lapic_id[0x1c] disabled)
Sep 14 17:01:31 owaspbwa kernel: [    0.000000] ACPI: LAPIC (acpi_id[0x0f] lapic_id[0x1e] disabled)
Sep 14 17:01:31 owaspbwa kernel: [    0.000000] ACPI: LAPIC (acpi_id[0x10] lapic_id[0x20] disabled)
Sep 14 17:01:31 owaspbwa kernel: [    0.000000] ACPI: LAPIC (acpi_id[0x11] lapic_id[0x22] disabled)
Sep 14 17:01:31 owaspbwa kernel: [    0.000000] ACPI: LAPIC (acpi_id[0x12] lapic_id[0x24] disabled)
Sep 14 17:01:31 owaspbwa kernel: [    0.000000] ACPI: LAPIC (acpi_id[0x13] lapic_id[0x26] disabled)
Sep 14 17:01:31 owaspbwa kernel: [    0.000000] ACPI: LAPIC (acpi_id[0x14] lapic_id[0x28] disabled)
Sep 14 17:01:31 owaspbwa kernel: [    0.000000] ACPI: LAPIC (acpi_id[0x15] lapic_id[0x2a] disabled)
Sep 14 17:01:31 owaspbwa kernel: [    0.000000] ACPI: LAPIC (acpi_id[0x16] lapic_id[0x2c] disabled)
Sep 14 17:01:31 owaspbwa kernel: [    0.000000] ACPI: LAPIC (acpi_id[0x17] lapic_id[0x2e] disabled)
Sep 14 17:01:31 owaspbwa kernel: [    0.000000] ACPI: LAPIC (acpi_id[0x18] lapic_id[0x30] disabled)
Sep 14 17:01:31 owaspbwa kernel: [    0.000000] ACPI: LAPIC (acpi_id[0x19] lapic_id[0x32] disabled)
Sep 14 17:01:31 owaspbwa kernel: [    0.000000] ACPI: LAPIC (acpi_id[0x1a] lapic_id[0x34] disabled)
Sep 14 17:01:31 owaspbwa kernel: [    0.000000] ACPI: LAPIC (acpi_id[0x1b] lapic_id[0x36] disabled)
Sep 14 17:01:31 owaspbwa kernel: [    0.000000] ACPI: LAPIC (acpi_id[0x1c] lapic_id[0x38] disabled)
Sep 14 17:01:31 owaspbwa kernel: [    0.000000] ACPI: LAPIC (acpi_id[0x1d] lapic_id[0x3a] disabled)
Sep 14 17:01:31 owaspbwa kernel: [    0.000000] ACPI: LAPIC (acpi_id[0x1e] lapic_id[0x3c] disabled)
Sep 14 17:01:31 owaspbwa kernel: [    0.000000] ACPI: LAPIC (acpi_id[0x1f] lapic_id[0x3e] disabled)
Sep 14 17:01:31 owaspbwa kernel: [    0.000000] ACPI: LAPIC (acpi_id[0x20] lapic_id[0x40] disabled)
Sep 14 17:01:31 owaspbwa kernel: [    0.000000] ACPI: LAPIC (acpi_id[0x21] lapic_id[0x42] disabled)
Sep 14 17:01:31 owaspbwa kernel: [    0.000000] ACPI: LAPIC (acpi_id[0x22] lapic_id[0x44] disabled)
Sep 14 17:01:31 owaspbwa kernel: [    0.000000] ACPI: LAPIC (acpi_id[0x23] lapic_id[0x46] disabled)
Sep 14 17:01:31 owaspbwa kernel: [    0.000000] ACPI: LAPIC (acpi_id[0x24] lapic_id[0x48] disabled)
Sep 14 17:01:31 owaspbwa kernel: [    0.000000] ACPI: LAPIC (acpi_id[0x25] lapic_id[0x4a] disabled)
Sep 14 17:01:31 owaspbwa kernel: [    0.000000] ACPI: LAPIC (acpi_id[0x26] lapic_id[0x4c] disabled)
Sep 14 17:01:31 owaspbwa kernel: [    0.000000] ACPI: LAPIC (acpi_id[0x27] lapic_id[0x4e] disabled)
Sep 14 17:01:31 owaspbwa kernel: [    0.000000] ACPI: LAPIC (acpi_id[0x28] lapic_id[0x50] disabled)
Sep 14 17:01:31 owaspbwa kernel: [    0.000000] ACPI: LAPIC (acpi_id[0x29] lapic_id[0x52] disabled)
Sep 14 17:01:31 owaspbwa kernel: [    0.000000] ACPI: LAPIC (acpi_id[0x2a] lapic_id[0x54] disabled)
Sep 14 17:01:31 owaspbwa kernel: [    0.000000] ACPI: LAPIC (acpi_id[0x2b] lapic_id[0x56] disabled)
Sep 14 17:01:31 owaspbwa kernel: [    0.000000] ACPI: LAPIC (acpi_id[0x2c] lapic_id[0x58] disabled)
Sep 14 17:01:31 owaspbwa kernel: [    0.000000] ACPI: LAPIC (acpi_id[0x2d] lapic_id[0x5a] disabled)
Sep 14 17:01:31 owaspbwa kernel: [    0.000000] ACPI: LAPIC (acpi_id[0x2e] lapic_id[0x5c] disabled)
Sep 14 17:01:31 owaspbwa kernel: [    0.000000] ACPI: LAPIC (acpi_id[0x2f] lapic_id[0x5e] disabled)
Sep 14 17:01:31 owaspbwa kernel: [    0.000000] ACPI: LAPIC (acpi_id[0x30] lapic_id[0x60] disabled)
Sep 14 17:01:31 owaspbwa kernel: [    0.000000] ACPI: LAPIC (acpi_id[0x31] lapic_id[0x62] disabled)
Sep 14 17:01:31 owaspbwa kernel: [    0.000000] ACPI: LAPIC (acpi_id[0x32] lapic_id[0x64] disabled)
Sep 14 17:01:31 owaspbwa kernel: [    0.000000] ACPI: LAPIC (acpi_id[0x33] lapic_id[0x66] disabled)
Sep 14 17:01:31 owaspbwa kernel: [    0.000000] ACPI: LAPIC (acpi_id[0x34] lapic_id[0x68] disabled)
Sep 14 17:01:31 owaspbwa kernel: [    0.000000] ACPI: LAPIC (acpi_id[0x35] lapic_id[0x6a] disabled)
Sep 14 17:01:31 owaspbwa kernel: [    0.000000] ACPI: LAPIC (acpi_id[0x36] lapic_id[0x6c] disabled)
Sep 14 17:01:31 owaspbwa kernel: [    0.000000] ACPI: LAPIC (acpi_id[0x37] lapic_id[0x6e] disabled)
Sep 14 17:01:31 owaspbwa kernel: [    0.000000] ACPI: LAPIC (acpi_id[0x38] lapic_id[0x70] disabled)
Sep 14 17:01:31 owaspbwa kernel: [    0.000000] ACPI: LAPIC (acpi_id[0x39] lapic_id[0x72] disabled)
Sep 14 17:01:31 owaspbwa kernel: [    0.000000] ACPI: LAPIC (acpi_id[0x3a] lapic_id[0x74] disabled)
Sep 14 17:01:31 owaspbwa kernel: [    0.000000] ACPI: LAPIC (acpi_id[0x3b] lapic_id[0x76] disabled)
Sep 14 17:01:31 owaspbwa kernel: [    0.000000] ACPI: LAPIC (acpi_id[0x3c] lapic_id[0x78] disabled)
Sep 14 17:01:31 owaspbwa kernel: [    0.000000] ACPI: LAPIC (acpi_id[0x3d] lapic_id[0x7a] disabled)
Sep 14 17:01:31 owaspbwa kernel: [    0.000000] ACPI: LAPIC (acpi_id[0x3e] lapic_id[0x7c] disabled)
Sep 14 17:01:31 owaspbwa kernel: [    0.000000] ACPI: LAPIC (acpi_id[0x3f] lapic_id[0x7e] disabled)
Sep 14 17:01:31 owaspbwa kernel: [    0.000000] ACPI: LAPIC (acpi_id[0x40] lapic_id[0x80] disabled)
Sep 14 17:01:31 owaspbwa kernel: [    0.000000] ACPI: LAPIC (acpi_id[0x41] lapic_id[0x82] disabled)
Sep 14 17:01:31 owaspbwa kernel: [    0.000000] ACPI: LAPIC (acpi_id[0x42] lapic_id[0x84] disabled)
Sep 14 17:01:31 owaspbwa kernel: [    0.000000] ACPI: LAPIC (acpi_id[0x43] lapic_id[0x86] disabled)
Sep 14 17:01:31 owaspbwa kernel: [    0.000000] ACPI: LAPIC (acpi_id[0x44] lapic_id[0x88] disabled)
Sep 14 17:01:31 owaspbwa kernel: [    0.000000] ACPI: LAPIC (acpi_id[0x45] lapic_id[0x8a] disabled)
Sep 14 17:01:31 owaspbwa kernel: [    0.000000] ACPI: LAPIC (acpi_id[0x46] lapic_id[0x8c] disabled)
Sep 14 17:01:31 owaspbwa kernel: [    0.000000] ACPI: LAPIC (acpi_id[0x47] lapic_id[0x8e] disabled)
Sep 14 17:01:31 owaspbwa kernel: [    0.000000] ACPI: LAPIC (acpi_id[0x48] lapic_id[0x90] disabled)
Sep 14 17:01:31 owaspbwa kernel: [    0.000000] ACPI: LAPIC (acpi_id[0x49] lapic_id[0x92] disabled)
Sep 14 17:01:31 owaspbwa kernel: [    0.000000] ACPI: LAPIC (acpi_id[0x4a] lapic_id[0x94] disabled)
Sep 14 17:01:31 owaspbwa kernel: [    0.000000] ACPI: LAPIC (acpi_id[0x4b] lapic_id[0x96] disabled)
Sep 14 17:01:31 owaspbwa kernel: [    0.000000] ACPI: LAPIC (acpi_id[0x4c] lapic_id[0x98] disabled)
Sep 14 17:01:31 owaspbwa kernel: [    0.000000] ACPI: LAPIC (acpi_id[0x4d] lapic_id[0x9a] disabled)
Sep 14 17:01:31 owaspbwa kernel: [    0.000000] ACPI: LAPIC (acpi_id[0x4e] lapic_id[0x9c] disabled)
Sep 14 17:01:31 owaspbwa kernel: [    0.000000] ACPI: LAPIC (acpi_id[0x4f] lapic_id[0x9e] disabled)
Sep 14 17:01:31 owaspbwa kernel: [    0.000000] ACPI: LAPIC (acpi_id[0x50] lapic_id[0xa0] disabled)
Sep 14 17:01:31 owaspbwa kernel: [    0.000000] ACPI: LAPIC (acpi_id[0x51] lapic_id[0xa2] disabled)
Sep 14 17:01:31 owaspbwa kernel: [    0.000000] ACPI: LAPIC (acpi_id[0x52] lapic_id[0xa4] disabled)
Sep 14 17:01:31 owaspbwa kernel: [    0.000000] ACPI: LAPIC (acpi_id[0x53] lapic_id[0xa6] disabled)
Sep 14 17:01:31 owaspbwa kernel: [    0.000000] ACPI: LAPIC (acpi_id[0x54] lapic_id[0xa8] disabled)
Sep 14 17:01:31 owaspbwa kernel: [    0.000000] ACPI: LAPIC (acpi_id[0x55] lapic_id[0xaa] disabled)
Sep 14 17:01:31 owaspbwa kernel: [    0.000000] ACPI: LAPIC (acpi_id[0x56] lapic_id[0xac] disabled)
Sep 14 17:01:31 owaspbwa kernel: [    0.000000] ACPI: LAPIC (acpi_id[0x57] lapic_id[0xae] disabled)
Sep 14 17:01:31 owaspbwa kernel: [    0.000000] ACPI: LAPIC (acpi_id[0x58] lapic_id[0xb0] disabled)
Sep 14 17:01:31 owaspbwa kernel: [    0.000000] ACPI: LAPIC (acpi_id[0x59] lapic_id[0xb2] disabled)
Sep 14 17:01:31 owaspbwa kernel: [    0.000000] ACPI: LAPIC (acpi_id[0x5a] lapic_id[0xb4] disabled)
Sep 14 17:01:31 owaspbwa kernel: [    0.000000] ACPI: LAPIC (acpi_id[0x5b] lapic_id[0xb6] disabled)
Sep 14 17:01:31 owaspbwa kernel: [    0.000000] ACPI: LAPIC (acpi_id[0x5c] lapic_id[0xb8] disabled)
Sep 14 17:01:31 owaspbwa kernel: [    0.000000] ACPI: LAPIC (acpi_id[0x5d] lapic_id[0xba] disabled)
Sep 14 17:01:31 owaspbwa kernel: [    0.000000] ACPI: LAPIC (acpi_id[0x5e] lapic_id[0xbc] disabled)
Sep 14 17:01:31 owaspbwa kernel: [    0.000000] ACPI: LAPIC (acpi_id[0x5f] lapic_id[0xbe] disabled)
Sep 14 17:01:31 owaspbwa kernel: [    0.000000] ACPI: LAPIC (acpi_id[0x60] lapic_id[0xc0] disabled)
Sep 14 17:01:31 owaspbwa kernel: [    0.000000] ACPI: LAPIC (acpi_id[0x61] lapic_id[0xc2] disabled)
Sep 14 17:01:31 owaspbwa kernel: [    0.000000] ACPI: LAPIC (acpi_id[0x62] lapic_id[0xc4] disabled)
Sep 14 17:01:31 owaspbwa kernel: [    0.000000] ACPI: LAPIC (acpi_id[0x63] lapic_id[0xc6] disabled)
Sep 14 17:01:31 owaspbwa kernel: [    0.000000] ACPI: LAPIC (acpi_id[0x64] lapic_id[0xc8] disabled)
Sep 14 17:01:31 owaspbwa kernel: [    0.000000] ACPI: LAPIC (acpi_id[0x65] lapic_id[0xca] disabled)
Sep 14 17:01:31 owaspbwa kernel: [    0.000000] ACPI: LAPIC (acpi_id[0x66] lapic_id[0xcc] disabled)
Sep 14 17:01:31 owaspbwa kernel: [    0.000000] ACPI: LAPIC (acpi_id[0x67] lapic_id[0xce] disabled)
Sep 14 17:01:31 owaspbwa kernel: [    0.000000] ACPI: LAPIC (acpi_id[0x68] lapic_id[0xd0] disabled)
Sep 14 17:01:31 owaspbwa kernel: [    0.000000] ACPI: LAPIC (acpi_id[0x69] lapic_id[0xd2] disabled)
Sep 14 17:01:31 owaspbwa kernel: [    0.000000] ACPI: LAPIC (acpi_id[0x6a] lapic_id[0xd4] disabled)
Sep 14 17:01:31 owaspbwa kernel: [    0.000000] ACPI: LAPIC (acpi_id[0x6b] lapic_id[0xd6] disabled)
Sep 14 17:01:31 owaspbwa kernel: [    0.000000] ACPI: LAPIC (acpi_id[0x6c] lapic_id[0xd8] disabled)
Sep 14 17:01:31 owaspbwa kernel: [    0.000000] ACPI: LAPIC (acpi_id[0x6d] lapic_id[0xda] disabled)
Sep 14 17:01:31 owaspbwa kernel: [    0.000000] ACPI: LAPIC (acpi_id[0x6e] lapic_id[0xdc] disabled)
Sep 14 17:01:31 owaspbwa kernel: [    0.000000] ACPI: LAPIC (acpi_id[0x6f] lapic_id[0xde] disabled)
Sep 14 17:01:31 owaspbwa kernel: [    0.000000] ACPI: LAPIC (acpi_id[0x70] lapic_id[0xe0] disabled)
Sep 14 17:01:31 owaspbwa kernel: [    0.000000] ACPI: LAPIC (acpi_id[0x71] lapic_id[0xe2] disabled)
Sep 14 17:01:31 owaspbwa kernel: [    0.000000] ACPI: LAPIC (acpi_id[0x72] lapic_id[0xe4] disabled)
Sep 14 17:01:31 owaspbwa kernel: [    0.000000] ACPI: LAPIC (acpi_id[0x73] lapic_id[0xe6] disabled)
Sep 14 17:01:31 owaspbwa kernel: [    0.000000] ACPI: LAPIC (acpi_id[0x74] lapic_id[0xe8] disabled)
Sep 14 17:01:31 owaspbwa kernel: [    0.000000] ACPI: LAPIC (acpi_id[0x75] lapic_id[0xea] disabled)
Sep 14 17:01:31 owaspbwa kernel: [    0.000000] ACPI: LAPIC (acpi_id[0x76] lapic_id[0xec] disabled)
Sep 14 17:01:31 owaspbwa kernel: [    0.000000] ACPI: LAPIC (acpi_id[0x77] lapic_id[0xee] disabled)
Sep 14 17:01:31 owaspbwa kernel: [    0.000000] ACPI: LAPIC (acpi_id[0x78] lapic_id[0xf0] disabled)
Sep 14 17:01:31 owaspbwa kernel: [    0.000000] ACPI: LAPIC (acpi_id[0x79] lapic_id[0xf2] disabled)
Sep 14 17:01:31 owaspbwa kernel: [    0.000000] ACPI: LAPIC (acpi_id[0x7a] lapic_id[0xf4] disabled)
Sep 14 17:01:31 owaspbwa kernel: [    0.000000] ACPI: LAPIC (acpi_id[0x7b] lapic_id[0xf6] disabled)
Sep 14 17:01:31 owaspbwa kernel: [    0.000000] ACPI: LAPIC (acpi_id[0x7c] lapic_id[0xf8] disabled)
Sep 14 17:01:31 owaspbwa kernel: [    0.000000] ACPI: LAPIC (acpi_id[0x7d] lapic_id[0xfa] disabled)
Sep 14 17:01:31 owaspbwa kernel: [    0.000000] ACPI: LAPIC (acpi_id[0x7e] lapic_id[0xfc] disabled)
Sep 14 17:01:31 owaspbwa kernel: [    0.000000] ACPI: LAPIC (acpi_id[0x7f] lapic_id[0xfe] disabled)
Sep 14 17:01:31 owaspbwa kernel: [    0.000000] ACPI: LAPIC_NMI (acpi_id[0x00] high edge lint[0x1])
Sep 14 17:01:31 owaspbwa kernel: [    0.000000] ACPI: LAPIC_NMI (acpi_id[0x01] high edge lint[0x1])
Sep 14 17:01:31 owaspbwa kernel: [    0.000000] ACPI: LAPIC_NMI (acpi_id[0x02] high edge lint[0x1])
Sep 14 17:01:31 owaspbwa kernel: [    0.000000] ACPI: LAPIC_NMI (acpi_id[0x03] high edge lint[0x1])
Sep 14 17:01:31 owaspbwa kernel: [    0.000000] ACPI: LAPIC_NMI (acpi_id[0x04] high edge lint[0x1])
Sep 14 17:01:31 owaspbwa kernel: [    0.000000] ACPI: LAPIC_NMI (acpi_id[0x05] high edge lint[0x1])
Sep 14 17:01:31 owaspbwa kernel: [    0.000000] ACPI: LAPIC_NMI (acpi_id[0x06] high edge lint[0x1])
Sep 14 17:01:31 owaspbwa kernel: [    0.000000] ACPI: LAPIC_NMI (acpi_id[0x07] high edge lint[0x1])
Sep 14 17:01:31 owaspbwa kernel: [    0.000000] ACPI: LAPIC_NMI (acpi_id[0x08] high edge lint[0x1])
Sep 14 17:01:31 owaspbwa kernel: [    0.000000] ACPI: LAPIC_NMI (acpi_id[0x09] high edge lint[0x1])
Sep 14 17:01:31 owaspbwa kernel: [    0.000000] ACPI: LAPIC_NMI (acpi_id[0x0a] high edge lint[0x1])
Sep 14 17:01:31 owaspbwa kernel: [    0.000000] ACPI: LAPIC_NMI (acpi_id[0x0b] high edge lint[0x1])
Sep 14 17:01:31 owaspbwa kernel: [    0.000000] ACPI: LAPIC_NMI (acpi_id[0x0c] high edge lint[0x1])
Sep 14 17:01:31 owaspbwa kernel: [    0.000000] ACPI: LAPIC_NMI (acpi_id[0x0d] high edge lint[0x1])
Sep 14 17:01:31 owaspbwa kernel: [    0.000000] ACPI: LAPIC_NMI (acpi_id[0x0e] high edge lint[0x1])
Sep 14 17:01:31 owaspbwa kernel: [    0.000000] ACPI: LAPIC_NMI (acpi_id[0x0f] high edge lint[0x1])
Sep 14 17:01:31 owaspbwa kernel: [    0.000000] ACPI: LAPIC_NMI (acpi_id[0x10] high edge lint[0x1])
Sep 14 17:01:31 owaspbwa kernel: [    0.000000] ACPI: LAPIC_NMI (acpi_id[0x11] high edge lint[0x1])
Sep 14 17:01:31 owaspbwa kernel: [    0.000000] ACPI: LAPIC_NMI (acpi_id[0x12] high edge lint[0x1])
Sep 14 17:01:31 owaspbwa kernel: [    0.000000] ACPI: LAPIC_NMI (acpi_id[0x13] high edge lint[0x1])
Sep 14 17:01:31 owaspbwa kernel: [    0.000000] ACPI: LAPIC_NMI (acpi_id[0x14] high edge lint[0x1])
Sep 14 17:01:31 owaspbwa kernel: [    0.000000] ACPI: LAPIC_NMI (acpi_id[0x15] high edge lint[0x1])
Sep 14 17:01:31 owaspbwa kernel: [    0.000000] ACPI: LAPIC_NMI (acpi_id[0x16] high edge lint[0x1])
Sep 14 17:01:31 owaspbwa kernel: [    0.000000] ACPI: LAPIC_NMI (acpi_id[0x17] high edge lint[0x1])
Sep 14 17:01:31 owaspbwa kernel: [    0.000000] ACPI: LAPIC_NMI (acpi_id[0x18] high edge lint[0x1])
Sep 14 17:01:31 owaspbwa kernel: [    0.000000] ACPI: LAPIC_NMI (acpi_id[0x19] high edge lint[0x1])
Sep 14 17:01:31 owaspbwa kernel: [    0.000000] ACPI: LAPIC_NMI (acpi_id[0x1a] high edge lint[0x1])
Sep 14 17:01:31 owaspbwa kernel: [    0.000000] ACPI: LAPIC_NMI (acpi_id[0x1b] high edge lint[0x1])
Sep 14 17:01:31 owaspbwa kernel: [    0.000000] ACPI: LAPIC_NMI (acpi_id[0x1c] high edge lint[0x1])
Sep 14 17:01:31 owaspbwa kernel: [    0.000000] ACPI: LAPIC_NMI (acpi_id[0x1d] high edge lint[0x1])
Sep 14 17:01:31 owaspbwa kernel: [    0.000000] ACPI: LAPIC_NMI (acpi_id[0x1e] high edge lint[0x1])
Sep 14 17:01:31 owaspbwa kernel: [    0.000000] ACPI: LAPIC_NMI (acpi_id[0x1f] high edge lint[0x1])
Sep 14 17:01:31 owaspbwa kernel: [    0.000000] ACPI: LAPIC_NMI (acpi_id[0x20] high edge lint[0x1])
Sep 14 17:01:31 owaspbwa kernel: [    0.000000] ACPI: LAPIC_NMI (acpi_id[0x21] high edge lint[0x1])
Sep 14 17:01:31 owaspbwa kernel: [    0.000000] ACPI: LAPIC_NMI (acpi_id[0x22] high edge lint[0x1])
Sep 14 17:01:31 owaspbwa kernel: [    0.000000] ACPI: LAPIC_NMI (acpi_id[0x23] high edge lint[0x1])
Sep 14 17:01:31 owaspbwa kernel: [    0.000000] ACPI: LAPIC_NMI (acpi_id[0x24] high edge lint[0x1])
Sep 14 17:01:31 owaspbwa kernel: [    0.000000] ACPI: LAPIC_NMI (acpi_id[0x25] high edge lint[0x1])
Sep 14 17:01:31 owaspbwa kernel: [    0.000000] ACPI: LAPIC_NMI (acpi_id[0x26] high edge lint[0x1])
Sep 14 17:01:31 owaspbwa kernel: [    0.000000] ACPI: LAPIC_NMI (acpi_id[0x27] high edge lint[0x1])
Sep 14 17:01:31 owaspbwa kernel: [    0.000000] ACPI: LAPIC_NMI (acpi_id[0x28] high edge lint[0x1])
Sep 14 17:01:31 owaspbwa kernel: [    0.000000] ACPI: LAPIC_NMI (acpi_id[0x29] high edge lint[0x1])
Sep 14 17:01:31 owaspbwa kernel: [    0.000000] ACPI: LAPIC_NMI (acpi_id[0x2a] high edge lint[0x1])
Sep 14 17:01:31 owaspbwa kernel: [    0.000000] ACPI: LAPIC_NMI (acpi_id[0x2b] high edge lint[0x1])
Sep 14 17:01:31 owaspbwa kernel: [    0.000000] ACPI: LAPIC_NMI (acpi_id[0x2c] high edge lint[0x1])
Sep 14 17:01:31 owaspbwa kernel: [    0.000000] ACPI: LAPIC_NMI (acpi_id[0x2d] high edge lint[0x1])
Sep 14 17:01:31 owaspbwa kernel: [    0.000000] ACPI: LAPIC_NMI (acpi_id[0x2e] high edge lint[0x1])
Sep 14 17:01:31 owaspbwa kernel: [    0.000000] ACPI: LAPIC_NMI (acpi_id[0x2f] high edge lint[0x1])
Sep 14 17:01:31 owaspbwa kernel: [    0.000000] ACPI: LAPIC_NMI (acpi_id[0x30] high edge lint[0x1])
Sep 14 17:01:31 owaspbwa kernel: [    0.000000] ACPI: LAPIC_NMI (acpi_id[0x31] high edge lint[0x1])
Sep 14 17:01:31 owaspbwa kernel: [    0.000000] ACPI: LAPIC_NMI (acpi_id[0x32] high edge lint[0x1])
Sep 14 17:01:31 owaspbwa kernel: [    0.000000] ACPI: LAPIC_NMI (acpi_id[0x33] high edge lint[0x1])
Sep 14 17:01:31 owaspbwa kernel: [    0.000000] ACPI: LAPIC_NMI (acpi_id[0x34] high edge lint[0x1])
Sep 14 17:01:31 owaspbwa kernel: [    0.000000] ACPI: LAPIC_NMI (acpi_id[0x35] high edge lint[0x1])
Sep 14 17:01:31 owaspbwa kernel: [    0.000000] ACPI: LAPIC_NMI (acpi_id[0x36] high edge lint[0x1])
Sep 14 17:01:31 owaspbwa kernel: [    0.000000] ACPI: LAPIC_NMI (acpi_id[0x37] high edge lint[0x1])
Sep 14 17:01:31 owaspbwa kernel: [    0.000000] ACPI: LAPIC_NMI (acpi_id[0x38] high edge lint[0x1])
Sep 14 17:01:31 owaspbwa kernel: [    0.000000] ACPI: LAPIC_NMI (acpi_id[0x39] high edge lint[0x1])
Sep 14 17:01:31 owaspbwa kernel: [    0.000000] ACPI: LAPIC_NMI (acpi_id[0x3a] high edge lint[0x1])
Sep 14 17:01:31 owaspbwa kernel: [    0.000000] ACPI: LAPIC_NMI (acpi_id[0x3b] high edge lint[0x1])
Sep 14 17:01:31 owaspbwa kernel: [    0.000000] ACPI: LAPIC_NMI (acpi_id[0x3c] high edge lint[0x1])
Sep 14 17:01:31 owaspbwa kernel: [    0.000000] ACPI: LAPIC_NMI (acpi_id[0x3d] high edge lint[0x1])
Sep 14 17:01:31 owaspbwa kernel: [    0.000000] ACPI: LAPIC_NMI (acpi_id[0x3e] high edge lint[0x1])
Sep 14 17:01:31 owaspbwa kernel: [    0.000000] ACPI: LAPIC_NMI (acpi_id[0x3f] high edge lint[0x1])
Sep 14 17:01:31 owaspbwa kernel: [    0.000000] ACPI: LAPIC_NMI (acpi_id[0x40] high edge lint[0x1])
Sep 14 17:01:31 owaspbwa kernel: [    0.000000] ACPI: LAPIC_NMI (acpi_id[0x41] high edge lint[0x1])
Sep 14 17:01:31 owaspbwa kernel: [    0.000000] ACPI: LAPIC_NMI (acpi_id[0x42] high edge lint[0x1])
Sep 14 17:01:31 owaspbwa kernel: [    0.000000] ACPI: LAPIC_NMI (acpi_id[0x43] high edge lint[0x1])
Sep 14 17:01:31 owaspbwa kernel: [    0.000000] ACPI: LAPIC_NMI (acpi_id[0x44] high edge lint[0x1])
Sep 14 17:01:31 owaspbwa kernel: [    0.000000] ACPI: LAPIC_NMI (acpi_id[0x45] high edge lint[0x1])
Sep 14 17:01:31 owaspbwa kernel: [    0.000000] ACPI: LAPIC_NMI (acpi_id[0x46] high edge lint[0x1])
Sep 14 17:01:31 owaspbwa kernel: [    0.000000] ACPI: LAPIC_NMI (acpi_id[0x47] high edge lint[0x1])
Sep 14 17:01:31 owaspbwa kernel: [    0.000000] ACPI: LAPIC_NMI (acpi_id[0x48] high edge lint[0x1])
Sep 14 17:01:31 owaspbwa kernel: [    0.000000] ACPI: LAPIC_NMI (acpi_id[0x49] high edge lint[0x1])
Sep 14 17:01:31 owaspbwa kernel: [    0.000000] ACPI: LAPIC_NMI (acpi_id[0x4a] high edge lint[0x1])
Sep 14 17:01:31 owaspbwa kernel: [    0.000000] ACPI: LAPIC_NMI (acpi_id[0x4b] high edge lint[0x1])
Sep 14 17:01:31 owaspbwa kernel: [    0.000000] ACPI: LAPIC_NMI (acpi_id[0x4c] high edge lint[0x1])
Sep 14 17:01:31 owaspbwa kernel: [    0.000000] ACPI: LAPIC_NMI (acpi_id[0x4d] high edge lint[0x1])
Sep 14 17:01:31 owaspbwa kernel: [    0.000000] ACPI: LAPIC_NMI (acpi_id[0x4e] high edge lint[0x1])
Sep 14 17:01:31 owaspbwa kernel: [    0.000000] ACPI: LAPIC_NMI (acpi_id[0x4f] high edge lint[0x1])
Sep 14 17:01:31 owaspbwa kernel: [    0.000000] ACPI: LAPIC_NMI (acpi_id[0x50] high edge lint[0x1])
Sep 14 17:01:31 owaspbwa kernel: [    0.000000] ACPI: LAPIC_NMI (acpi_id[0x51] high edge lint[0x1])
Sep 14 17:01:31 owaspbwa kernel: [    0.000000] ACPI: LAPIC_NMI (acpi_id[0x52] high edge lint[0x1])
Sep 14 17:01:31 owaspbwa kernel: [    0.000000] ACPI: LAPIC_NMI (acpi_id[0x53] high edge lint[0x1])
Sep 14 17:01:31 owaspbwa kernel: [    0.000000] ACPI: LAPIC_NMI (acpi_id[0x54] high edge lint[0x1])
Sep 14 17:01:31 owaspbwa kernel: [    0.000000] ACPI: LAPIC_NMI (acpi_id[0x55] high edge lint[0x1])
Sep 14 17:01:31 owaspbwa kernel: [    0.000000] ACPI: LAPIC_NMI (acpi_id[0x56] high edge lint[0x1])
Sep 14 17:01:31 owaspbwa kernel: [    0.000000] ACPI: LAPIC_NMI (acpi_id[0x57] high edge lint[0x1])
Sep 14 17:01:31 owaspbwa kernel: [    0.000000] ACPI: LAPIC_NMI (acpi_id[0x58] high edge lint[0x1])
Sep 14 17:01:31 owaspbwa kernel: [    0.000000] ACPI: LAPIC_NMI (acpi_id[0x59] high edge lint[0x1])
Sep 14 17:01:31 owaspbwa kernel: [    0.000000] ACPI: LAPIC_NMI (acpi_id[0x5a] high edge lint[0x1])
Sep 14 17:01:31 owaspbwa kernel: [    0.000000] ACPI: LAPIC_NMI (acpi_id[0x5b] high edge lint[0x1])
Sep 14 17:01:31 owaspbwa kernel: [    0.000000] ACPI: LAPIC_NMI (acpi_id[0x5c] high edge lint[0x1])
Sep 14 17:01:31 owaspbwa kernel: [    0.000000] ACPI: LAPIC_NMI (acpi_id[0x5d] high edge lint[0x1])
Sep 14 17:01:31 owaspbwa kernel: [    0.000000] ACPI: LAPIC_NMI (acpi_id[0x5e] high edge lint[0x1])
Sep 14 17:01:31 owaspbwa kernel: [    0.000000] ACPI: LAPIC_NMI (acpi_id[0x5f] high edge lint[0x1])
Sep 14 17:01:31 owaspbwa kernel: [    0.000000] ACPI: LAPIC_NMI (acpi_id[0x60] high edge lint[0x1])
Sep 14 17:01:31 owaspbwa kernel: [    0.000000] ACPI: LAPIC_NMI (acpi_id[0x61] high edge lint[0x1])
Sep 14 17:01:31 owaspbwa kernel: [    0.000000] ACPI: LAPIC_NMI (acpi_id[0x62] high edge lint[0x1])
Sep 14 17:01:31 owaspbwa kernel: [    0.000000] ACPI: LAPIC_NMI (acpi_id[0x63] high edge lint[0x1])
Sep 14 17:01:31 owaspbwa kernel: [    0.000000] ACPI: LAPIC_NMI (acpi_id[0x64] high edge lint[0x1])
Sep 14 17:01:31 owaspbwa kernel: [    0.000000] ACPI: LAPIC_NMI (acpi_id[0x65] high edge lint[0x1])
Sep 14 17:01:31 owaspbwa kernel: [    0.000000] ACPI: LAPIC_NMI (acpi_id[0x66] high edge lint[0x1])
Sep 14 17:01:31 owaspbwa kernel: [    0.000000] ACPI: LAPIC_NMI (acpi_id[0x67] high edge lint[0x1])
Sep 14 17:01:31 owaspbwa kernel: [    0.000000] ACPI: LAPIC_NMI (acpi_id[0x68] high edge lint[0x1])
Sep 14 17:01:31 owaspbwa kernel: [    0.000000] ACPI: LAPIC_NMI (acpi_id[0x69] high edge lint[0x1])
Sep 14 17:01:31 owaspbwa kernel: [    0.000000] ACPI: LAPIC_NMI (acpi_id[0x6a] high edge lint[0x1])
Sep 14 17:01:31 owaspbwa kernel: [    0.000000] ACPI: LAPIC_NMI (acpi_id[0x6b] high edge lint[0x1])
Sep 14 17:01:31 owaspbwa kernel: [    0.000000] ACPI: LAPIC_NMI (acpi_id[0x6c] high edge lint[0x1])
Sep 14 17:01:31 owaspbwa kernel: [    0.000000] ACPI: LAPIC_NMI (acpi_id[0x6d] high edge lint[0x1])
Sep 14 17:01:31 owaspbwa kernel: [    0.000000] ACPI: LAPIC_NMI (acpi_id[0x6e] high edge lint[0x1])
Sep 14 17:01:31 owaspbwa kernel: [    0.000000] ACPI: LAPIC_NMI (acpi_id[0x6f] high edge lint[0x1])
Sep 14 17:01:31 owaspbwa kernel: [    0.000000] ACPI: LAPIC_NMI (acpi_id[0x70] high edge lint[0x1])
Sep 14 17:01:31 owaspbwa kernel: [    0.000000] ACPI: LAPIC_NMI (acpi_id[0x71] high edge lint[0x1])
Sep 14 17:01:31 owaspbwa kernel: [    0.000000] ACPI: LAPIC_NMI (acpi_id[0x72] high edge lint[0x1])
Sep 14 17:01:31 owaspbwa kernel: [    0.000000] ACPI: LAPIC_NMI (acpi_id[0x73] high edge lint[0x1])
Sep 14 17:01:31 owaspbwa kernel: [    0.000000] ACPI: LAPIC_NMI (acpi_id[0x74] high edge lint[0x1])
Sep 14 17:01:31 owaspbwa kernel: [    0.000000] ACPI: LAPIC_NMI (acpi_id[0x75] high edge lint[0x1])
Sep 14 17:01:31 owaspbwa kernel: [    0.000000] ACPI: LAPIC_NMI (acpi_id[0x76] high edge lint[0x1])
Sep 14 17:01:31 owaspbwa kernel: [    0.000000] ACPI: LAPIC_NMI (acpi_id[0x77] high edge lint[0x1])
Sep 14 17:01:31 owaspbwa kernel: [    0.000000] ACPI: LAPIC_NMI (acpi_id[0x78] high edge lint[0x1])
Sep 14 17:01:31 owaspbwa kernel: [    0.000000] ACPI: LAPIC_NMI (acpi_id[0x79] high edge lint[0x1])
Sep 14 17:01:31 owaspbwa kernel: [    0.000000] ACPI: LAPIC_NMI (acpi_id[0x7a] high edge lint[0x1])
Sep 14 17:01:31 owaspbwa kernel: [    0.000000] ACPI: LAPIC_NMI (acpi_id[0x7b] high edge lint[0x1])
Sep 14 17:01:31 owaspbwa kernel: [    0.000000] ACPI: LAPIC_NMI (acpi_id[0x7c] high edge lint[0x1])
Sep 14 17:01:31 owaspbwa kernel: [    0.000000] ACPI: LAPIC_NMI (acpi_id[0x7d] high edge lint[0x1])
Sep 14 17:01:31 owaspbwa kernel: [    0.000000] ACPI: LAPIC_NMI (acpi_id[0x7e] high edge lint[0x1])
Sep 14 17:01:31 owaspbwa kernel: [    0.000000] ACPI: LAPIC_NMI (acpi_id[0x7f] high edge lint[0x1])
Sep 14 17:01:31 owaspbwa kernel: [    0.000000] ACPI: IOAPIC (id[0x01] address[0xfec00000] gsi_base[0])
Sep 14 17:01:31 owaspbwa kernel: [    0.000000] IOAPIC[0]: apic_id 1, version 32, address 0xfec00000, GSI 0-23
Sep 14 17:01:31 owaspbwa kernel: [    0.000000] ACPI: INT_SRC_OVR (bus 0 bus_irq 0 global_irq 2 high edge)
Sep 14 17:01:31 owaspbwa kernel: [    0.000000] Using ACPI (MADT) for SMP configuration information
Sep 14 17:01:31 owaspbwa kernel: [    0.000000] ACPI: HPET id: 0x8086af01 base: 0xfed00000
Sep 14 17:01:31 owaspbwa kernel: [    0.000000] 128 Processors exceeds NR_CPUS limit of 8
Sep 14 17:01:31 owaspbwa kernel: [    0.000000] SMP: Allowing 8 CPUs, 6 hotplug CPUs
Sep 14 17:01:31 owaspbwa kernel: [    0.000000] PM: Registered nosave memory: 000000000009e000 - 000000000009f000
Sep 14 17:01:31 owaspbwa kernel: [    0.000000] PM: Registered nosave memory: 000000000009f000 - 00000000000a0000
Sep 14 17:01:31 owaspbwa kernel: [    0.000000] PM: Registered nosave memory: 00000000000a0000 - 00000000000dc000
Sep 14 17:01:31 owaspbwa kernel: [    0.000000] PM: Registered nosave memory: 00000000000dc000 - 0000000000100000
Sep 14 17:01:31 owaspbwa kernel: [    0.000000] PM: Registered nosave memory: 000000002fee0000 - 000000002feff000
Sep 14 17:01:31 owaspbwa kernel: [    0.000000] PM: Registered nosave memory: 000000002feff000 - 000000002ff00000
Sep 14 17:01:31 owaspbwa kernel: [    0.000000] Allocating PCI resources starting at 30000000 (gap: 30000000:c0000000)
Sep 14 17:01:31 owaspbwa kernel: [    0.000000] Booting paravirtualized kernel on bare hardware
Sep 14 17:01:31 owaspbwa kernel: [    0.000000] NR_CPUS:8 nr_cpumask_bits:8 nr_cpu_ids:8 nr_node_ids:1
Sep 14 17:01:31 owaspbwa kernel: [    0.000000] PERCPU: Embedded 15 pages/cpu @c1800000 s39480 r0 d21960 u262144
Sep 14 17:01:31 owaspbwa kernel: [    0.000000] pcpu-alloc: s39480 r0 d21960 u262144 alloc=1*2097152
Sep 14 17:01:31 owaspbwa kernel: [    0.000000] pcpu-alloc: [0] 0 1 2 3 4 5 6 7 
Sep 14 17:01:31 owaspbwa kernel: [    0.000000] Built 1 zonelists in Zone order, mobility grouping on.  Total pages: 194926
Sep 14 17:01:31 owaspbwa kernel: [    0.000000] Kernel command line: root=/dev/mapper/brokenwebapps-root ro 
Sep 14 17:01:31 owaspbwa kernel: [    0.000000] PID hash table entries: 4096 (order: 2, 16384 bytes)
Sep 14 17:01:31 owaspbwa kernel: [    0.000000] Dentry cache hash table entries: 131072 (order: 7, 524288 bytes)
Sep 14 17:01:31 owaspbwa kernel: [    0.000000] Inode-cache hash table entries: 65536 (order: 6, 262144 bytes)
Sep 14 17:01:31 owaspbwa kernel: [    0.000000] Enabling fast FPU save and restore... done.
Sep 14 17:01:31 owaspbwa kernel: [    0.000000] Enabling unmasked SIMD FPU exception support... done.
Sep 14 17:01:31 owaspbwa kernel: [    0.000000] Initializing CPU#0
Sep 14 17:01:31 owaspbwa kernel: [    0.000000] xsave/xrstor: enabled xstate_bv 0x7, cntxt size 0x340
Sep 14 17:01:31 owaspbwa kernel: [    0.000000] allocated 3931840 bytes of page_cgroup
Sep 14 17:01:31 owaspbwa kernel: [    0.000000] please try 'cgroup_disable=memory' option if you don't want memory cgroups
Sep 14 17:01:31 owaspbwa kernel: [    0.000000] Initializing HighMem for node 0 (00000000:00000000)
Sep 14 17:01:31 owaspbwa kernel: [    0.000000] Memory: 756904k/786432k available (4833k kernel code, 28240k reserved, 2220k data, 672k init, 0k highmem)
Sep 14 17:01:31 owaspbwa kernel: [    0.000000] virtual kernel memory layout:
Sep 14 17:01:31 owaspbwa kernel: [    0.000000]     fixmap  : 0xfff1d000 - 0xfffff000   ( 904 kB)
Sep 14 17:01:31 owaspbwa kernel: [    0.000000]     pkmap   : 0xffa00000 - 0xffc00000   (2048 kB)
Sep 14 17:01:31 owaspbwa kernel: [    0.000000]     vmalloc : 0xf0800000 - 0xff9fe000   ( 241 MB)
Sep 14 17:01:31 owaspbwa kernel: [    0.000000]     lowmem  : 0xc0000000 - 0xf0000000   ( 768 MB)
Sep 14 17:01:31 owaspbwa kernel: [    0.000000]       .init : 0xc07e4000 - 0xc088c000   ( 672 kB)
Sep 14 17:01:31 owaspbwa kernel: [    0.000000]       .data : 0xc05b877f - 0xc07e37c8   (2220 kB)
Sep 14 17:01:31 owaspbwa kernel: [    0.000000]       .text : 0xc0100000 - 0xc05b877f   (4833 kB)
Sep 14 17:01:31 owaspbwa kernel: [    0.000000] Checking if this processor honours the WP bit even in supervisor mode...Ok.
Sep 14 17:01:31 owaspbwa kernel: [    0.000000] SLUB: Genslabs=13, HWalign=64, Order=0-3, MinObjects=0, CPUs=8, Nodes=1
Sep 14 17:01:31 owaspbwa kernel: [    0.000000] Hierarchical RCU implementation.
Sep 14 17:01:31 owaspbwa kernel: [    0.000000] NR_IRQS:2304 nr_irqs:472
Sep 14 17:01:31 owaspbwa kernel: [    0.000000] Extended CMOS year: 2000
Sep 14 17:01:31 owaspbwa kernel: [    0.000000] Console: colour VGA+ 80x25
Sep 14 17:01:31 owaspbwa kernel: [    0.000000] console [tty0] enabled
Sep 14 17:01:31 owaspbwa kernel: [    0.000000] HPET: 16 timers in total, 0 timers will be used for per-cpu timer
Sep 14 17:01:31 owaspbwa kernel: [    0.000000] TSC freq read from hypervisor : 3600.001 MHz
Sep 14 17:01:31 owaspbwa kernel: [    0.000000] Detected 3600.001 MHz processor.
Sep 14 17:01:31 owaspbwa kernel: [    0.000004] Calibrating delay loop (skipped) preset value.. 7200.00 BogoMIPS (lpj=14400004)
Sep 14 17:01:31 owaspbwa kernel: [    0.000101] Security Framework initialized
Sep 14 17:01:31 owaspbwa kernel: [    0.000169] AppArmor: AppArmor initialized
Sep 14 17:01:31 owaspbwa kernel: [    0.000216] Mount-cache hash table entries: 512
Sep 14 17:01:31 owaspbwa kernel: [    0.000613] Initializing cgroup subsys ns
Sep 14 17:01:31 owaspbwa kernel: [    0.000659] Initializing cgroup subsys cpuacct
Sep 14 17:01:31 owaspbwa kernel: [    0.000706] Initializing cgroup subsys memory
Sep 14 17:01:31 owaspbwa kernel: [    0.000753] Initializing cgroup subsys devices
Sep 14 17:01:31 owaspbwa kernel: [    0.000798] Initializing cgroup subsys freezer
Sep 14 17:01:31 owaspbwa kernel: [    0.000844] Initializing cgroup subsys net_cls
Sep 14 17:01:31 owaspbwa kernel: [    0.000934] CPU: L1 I Cache: 64K (64 bytes/line), D cache 32K (64 bytes/line)
Sep 14 17:01:31 owaspbwa kernel: [    0.000996] CPU: L2 Cache: 512K (64 bytes/line)
Sep 14 17:01:31 owaspbwa kernel: [    0.001045] mce: CPU supports 8 MCE banks
Sep 14 17:01:31 owaspbwa kernel: [    0.001123] Performance Events: AMD PMU driver.
Sep 14 17:01:31 owaspbwa kernel: [    0.001196] ... version:                0
Sep 14 17:01:31 owaspbwa kernel: [    0.001245] ... bit width:              48
Sep 14 17:01:31 owaspbwa kernel: [    0.001294] ... generic registers:      4
Sep 14 17:01:31 owaspbwa kernel: [    0.001342] ... value mask:             0000ffffffffffff
Sep 14 17:01:31 owaspbwa kernel: [    0.001399] ... max period:             00007fffffffffff
Sep 14 17:01:31 owaspbwa kernel: [    0.001455] ... fixed-purpose events:   0
Sep 14 17:01:31 owaspbwa kernel: [    0.001503] ... event mask:             000000000000000f
Sep 14 17:01:31 owaspbwa kernel: [    0.001661] Checking 'hlt' instruction... OK.
Sep 14 17:01:31 owaspbwa kernel: [    0.019588] ACPI: Core revision 20090903
Sep 14 17:01:31 owaspbwa kernel: [    0.029137] ftrace: converting mcount calls to 0f 1f 44 00 00
Sep 14 17:01:31 owaspbwa kernel: [    0.029217] ftrace: allocating 22420 entries in 44 pages
Sep 14 17:01:31 owaspbwa kernel: [    0.036321] Not enabling x2apic, Intr-remapping init failed.
Sep 14 17:01:31 owaspbwa kernel: [    0.036381] Enabling APIC mode:  Flat.  Using 1 I/O APICs
Sep 14 17:01:31 owaspbwa kernel: [    0.036790] ..TIMER: vector=0x30 apic1=0 pin1=2 apic2=-1 pin2=-1
Sep 14 17:01:31 owaspbwa kernel: [    0.073096] CPU0: AMD Ryzen 5 1600X Six-Core Processor            stepping 01
Sep 14 17:01:31 owaspbwa kernel: [    0.076001] Booting processor 1 APIC 0x2 ip 0x6000
Sep 14 17:01:31 owaspbwa kernel: [    0.004000] Initializing CPU#1
Sep 14 17:01:31 owaspbwa kernel: [    0.004000] CPU: L1 I Cache: 64K (64 bytes/line), D cache 32K (64 bytes/line)
Sep 14 17:01:31 owaspbwa kernel: [    0.004000] CPU: L2 Cache: 512K (64 bytes/line)
Sep 14 17:01:31 owaspbwa kernel: [    0.081307] CPU1: AMD Ryzen 5 1600X Six-Core Processor            stepping 01
Sep 14 17:01:31 owaspbwa kernel: [    0.084005] Skipping synchronization checks as TSC is reliable.
Sep 14 17:01:31 owaspbwa kernel: [    0.084088] Brought up 2 CPUs
Sep 14 17:01:31 owaspbwa kernel: [    0.084127] Total of 2 processors activated (14400.00 BogoMIPS).
Sep 14 17:01:31 owaspbwa kernel: [    0.084488] devtmpfs: initialized
Sep 14 17:01:31 owaspbwa kernel: [    0.084488] regulator: core version 0.5
Sep 14 17:01:31 owaspbwa kernel: [    0.084488] Time: 21:01:23  Date: 09/14/23
Sep 14 17:01:31 owaspbwa kernel: [    0.084488] NET: Registered protocol family 16
Sep 14 17:01:31 owaspbwa kernel: [    0.084488] EISA bus registered
Sep 14 17:01:31 owaspbwa kernel: [    0.084559] ACPI: bus type pci registered
Sep 14 17:01:31 owaspbwa kernel: [    0.084741] PCI: MCFG configuration 0: base f0000000 segment 0 buses 0 - 127
Sep 14 17:01:31 owaspbwa kernel: [    0.084804] PCI: MCFG area at f0000000 reserved in E820
Sep 14 17:01:31 owaspbwa kernel: [    0.084854] PCI: Using MMCONFIG for extended config space
Sep 14 17:01:31 owaspbwa kernel: [    0.084488] Trying to unpack rootfs image as initramfs...
Sep 14 17:01:31 owaspbwa kernel: [    0.084955] PCI: Using configuration type 1 for base access
Sep 14 17:01:31 owaspbwa kernel: [    0.092313] bio: create slab <bio-0> at 0
Sep 14 17:01:31 owaspbwa kernel: [    0.135813] ACPI: BIOS _OSI(Linux) query ignored
Sep 14 17:01:31 owaspbwa kernel: [    0.141987] ACPI: Interpreter enabled
Sep 14 17:01:31 owaspbwa kernel: [    0.142034] ACPI: (supports S0 S1 S4 S5)
Sep 14 17:01:31 owaspbwa kernel: [    0.142133] ACPI: Using IOAPIC for interrupt routing
Sep 14 17:01:31 owaspbwa kernel: [    0.249362] ACPI: No dock devices found.
Sep 14 17:01:31 owaspbwa kernel: [    0.250275] ACPI: PCI Root Bridge [PCI0] (0000:00)
Sep 14 17:01:31 owaspbwa kernel: [    0.252369] pci 0000:00:07.3: quirk: region 1000-103f claimed by PIIX4 ACPI
Sep 14 17:01:31 owaspbwa kernel: [    0.252441] pci 0000:00:07.3: quirk: region 1040-104f claimed by PIIX4 SMB
Sep 14 17:01:31 owaspbwa kernel: [    0.258048] pci 0000:00:15.0: PME# supported from D0 D3hot D3cold
Sep 14 17:01:31 owaspbwa kernel: [    0.258127] pci 0000:00:15.0: PME# disabled
Sep 14 17:01:31 owaspbwa kernel: [    0.258910] pci 0000:00:15.1: PME# supported from D0 D3hot D3cold
Sep 14 17:01:31 owaspbwa kernel: [    0.258991] pci 0000:00:15.1: PME# disabled
Sep 14 17:01:31 owaspbwa kernel: [    0.259707] pci 0000:00:15.2: PME# supported from D0 D3hot D3cold
Sep 14 17:01:31 owaspbwa kernel: [    0.259789] pci 0000:00:15.2: PME# disabled
Sep 14 17:01:31 owaspbwa kernel: [    0.260625] pci 0000:00:15.3: PME# supported from D0 D3hot D3cold
Sep 14 17:01:31 owaspbwa kernel: [    0.260699] pci 0000:00:15.3: PME# disabled
Sep 14 17:01:31 owaspbwa kernel: [    0.261390] pci 0000:00:15.4: PME# supported from D0 D3hot D3cold
Sep 14 17:01:31 owaspbwa kernel: [    0.261463] pci 0000:00:15.4: PME# disabled
Sep 14 17:01:31 owaspbwa kernel: [    0.262151] pci 0000:00:15.5: PME# supported from D0 D3hot D3cold
Sep 14 17:01:31 owaspbwa kernel: [    0.262224] pci 0000:00:15.5: PME# disabled
Sep 14 17:01:31 owaspbwa kernel: [    0.262923] pci 0000:00:15.6: PME# supported from D0 D3hot D3cold
Sep 14 17:01:31 owaspbwa kernel: [    0.263010] pci 0000:00:15.6: PME# disabled
Sep 14 17:01:31 owaspbwa kernel: [    0.263710] pci 0000:00:15.7: PME# supported from D0 D3hot D3cold
Sep 14 17:01:31 owaspbwa kernel: [    0.263784] pci 0000:00:15.7: PME# disabled
Sep 14 17:01:31 owaspbwa kernel: [    0.264498] pci 0000:00:16.0: PME# supported from D0 D3hot D3cold
Sep 14 17:01:31 owaspbwa kernel: [    0.264571] pci 0000:00:16.0: PME# disabled
Sep 14 17:01:31 owaspbwa kernel: [    0.265266] pci 0000:00:16.1: PME# supported from D0 D3hot D3cold
Sep 14 17:01:31 owaspbwa kernel: [    0.265348] pci 0000:00:16.1: PME# disabled
Sep 14 17:01:31 owaspbwa kernel: [    0.265998] pci 0000:00:16.2: PME# supported from D0 D3hot D3cold
Sep 14 17:01:31 owaspbwa kernel: [    0.266064] pci 0000:00:16.2: PME# disabled
Sep 14 17:01:31 owaspbwa kernel: [    0.266692] pci 0000:00:16.3: PME# supported from D0 D3hot D3cold
Sep 14 17:01:31 owaspbwa kernel: [    0.266758] pci 0000:00:16.3: PME# disabled
Sep 14 17:01:31 owaspbwa kernel: [    0.267526] pci 0000:00:16.4: PME# supported from D0 D3hot D3cold
Sep 14 17:01:31 owaspbwa kernel: [    0.267637] pci 0000:00:16.4: PME# disabled
Sep 14 17:01:31 owaspbwa kernel: [    0.268352] pci 0000:00:16.5: PME# supported from D0 D3hot D3cold
Sep 14 17:01:31 owaspbwa kernel: [    0.268426] pci 0000:00:16.5: PME# disabled
Sep 14 17:01:31 owaspbwa kernel: [    0.269114] pci 0000:00:16.6: PME# supported from D0 D3hot D3cold
Sep 14 17:01:31 owaspbwa kernel: [    0.269189] pci 0000:00:16.6: PME# disabled
Sep 14 17:01:31 owaspbwa kernel: [    0.269872] pci 0000:00:16.7: PME# supported from D0 D3hot D3cold
Sep 14 17:01:31 owaspbwa kernel: [    0.269939] pci 0000:00:16.7: PME# disabled
Sep 14 17:01:31 owaspbwa kernel: [    0.270564] pci 0000:00:17.0: PME# supported from D0 D3hot D3cold
Sep 14 17:01:31 owaspbwa kernel: [    0.270629] pci 0000:00:17.0: PME# disabled
Sep 14 17:01:31 owaspbwa kernel: [    0.271255] pci 0000:00:17.1: PME# supported from D0 D3hot D3cold
Sep 14 17:01:31 owaspbwa kernel: [    0.271321] pci 0000:00:17.1: PME# disabled
Sep 14 17:01:31 owaspbwa kernel: [    0.271981] pci 0000:00:17.2: PME# supported from D0 D3hot D3cold
Sep 14 17:01:31 owaspbwa kernel: [    0.272011] pci 0000:00:17.2: PME# disabled
Sep 14 17:01:31 owaspbwa kernel: [    0.272812] pci 0000:00:17.3: PME# supported from D0 D3hot D3cold
Sep 14 17:01:31 owaspbwa kernel: [    0.272886] pci 0000:00:17.3: PME# disabled
Sep 14 17:01:31 owaspbwa kernel: [    0.273595] pci 0000:00:17.4: PME# supported from D0 D3hot D3cold
Sep 14 17:01:31 owaspbwa kernel: [    0.273669] pci 0000:00:17.4: PME# disabled
Sep 14 17:01:31 owaspbwa kernel: [    0.274359] pci 0000:00:17.5: PME# supported from D0 D3hot D3cold
Sep 14 17:01:31 owaspbwa kernel: [    0.274431] pci 0000:00:17.5: PME# disabled
Sep 14 17:01:31 owaspbwa kernel: [    0.275121] pci 0000:00:17.6: PME# supported from D0 D3hot D3cold
Sep 14 17:01:31 owaspbwa kernel: [    0.275204] pci 0000:00:17.6: PME# disabled
Sep 14 17:01:31 owaspbwa kernel: [    0.276036] pci 0000:00:17.7: PME# supported from D0 D3hot D3cold
Sep 14 17:01:31 owaspbwa kernel: [    0.276135] pci 0000:00:17.7: PME# disabled
Sep 14 17:01:31 owaspbwa kernel: [    0.276836] pci 0000:00:18.0: PME# supported from D0 D3hot D3cold
Sep 14 17:01:31 owaspbwa kernel: [    0.276910] pci 0000:00:18.0: PME# disabled
Sep 14 17:01:31 owaspbwa kernel: [    0.277620] pci 0000:00:18.1: PME# supported from D0 D3hot D3cold
Sep 14 17:01:31 owaspbwa kernel: [    0.277694] pci 0000:00:18.1: PME# disabled
Sep 14 17:01:31 owaspbwa kernel: [    0.278381] pci 0000:00:18.2: PME# supported from D0 D3hot D3cold
Sep 14 17:01:31 owaspbwa kernel: [    0.278453] pci 0000:00:18.2: PME# disabled
Sep 14 17:01:31 owaspbwa kernel: [    0.279141] pci 0000:00:18.3: PME# supported from D0 D3hot D3cold
Sep 14 17:01:31 owaspbwa kernel: [    0.279215] pci 0000:00:18.3: PME# disabled
Sep 14 17:01:31 owaspbwa kernel: [    0.279912] pci 0000:00:18.4: PME# supported from D0 D3hot D3cold
Sep 14 17:01:31 owaspbwa kernel: [    0.279985] pci 0000:00:18.4: PME# disabled
Sep 14 17:01:31 owaspbwa kernel: [    0.280639] pci 0000:00:18.5: PME# supported from D0 D3hot D3cold
Sep 14 17:01:31 owaspbwa kernel: [    0.280711] pci 0000:00:18.5: PME# disabled
Sep 14 17:01:31 owaspbwa kernel: [    0.281416] pci 0000:00:18.6: PME# supported from D0 D3hot D3cold
Sep 14 17:01:31 owaspbwa kernel: [    0.281489] pci 0000:00:18.6: PME# disabled
Sep 14 17:01:31 owaspbwa kernel: [    0.282177] pci 0000:00:18.7: PME# supported from D0 D3hot D3cold
Sep 14 17:01:31 owaspbwa kernel: [    0.282261] pci 0000:00:18.7: PME# disabled
Sep 14 17:01:31 owaspbwa kernel: [    0.285109] pci 0000:02:01.0: PME# supported from D0 D3hot D3cold
Sep 14 17:01:31 owaspbwa kernel: [    0.285186] pci 0000:02:01.0: PME# disabled
Sep 14 17:01:31 owaspbwa kernel: [    0.286329] pci 0000:00:11.0: transparent bridge
Sep 14 17:01:31 owaspbwa kernel: [    0.303806] Freeing initrd memory: 8492k freed
Sep 14 17:01:31 owaspbwa kernel: [    0.529721] ACPI: PCI Interrupt Link [LNKA] (IRQs 3 4 5 6 7 *9 10 11 14 15)
Sep 14 17:01:31 owaspbwa kernel: [    0.530092] ACPI: PCI Interrupt Link [LNKB] (IRQs 3 4 5 6 7 9 10 *11 14 15)
Sep 14 17:01:31 owaspbwa kernel: [    0.530451] ACPI: PCI Interrupt Link [LNKC] (IRQs 3 4 5 6 7 9 *10 11 14 15)
Sep 14 17:01:31 owaspbwa kernel: [    0.530845] ACPI: PCI Interrupt Link [LNKD] (IRQs 3 4 5 6 *7 9 10 11 14 15)
Sep 14 17:01:31 owaspbwa kernel: [    0.531256] vgaarb: device added: PCI:0000:00:0f.0,decodes=io+mem,owns=io+mem,locks=none
Sep 14 17:01:31 owaspbwa kernel: [    0.531369] vgaarb: loaded
Sep 14 17:01:31 owaspbwa kernel: [    0.531465] SCSI subsystem initialized
Sep 14 17:01:31 owaspbwa kernel: [    0.532091] usbcore: registered new interface driver usbfs
Sep 14 17:01:31 owaspbwa kernel: [    0.532091] usbcore: registered new interface driver hub
Sep 14 17:01:31 owaspbwa kernel: [    0.532283] usbcore: registered new device driver usb
Sep 14 17:01:31 owaspbwa kernel: [    0.532283] ACPI: WMI: Mapper loaded
Sep 14 17:01:31 owaspbwa kernel: [    0.532283] PCI: Using ACPI for IRQ routing
Sep 14 17:01:31 owaspbwa kernel: [    0.533001] NetLabel: Initializing
Sep 14 17:01:31 owaspbwa kernel: [    0.533051] NetLabel:  domain hash size = 128
Sep 14 17:01:31 owaspbwa kernel: [    0.533107] NetLabel:  protocols = UNLABELED CIPSOv4
Sep 14 17:01:31 owaspbwa kernel: [    0.533170] NetLabel:  unlabeled traffic allowed by default
Sep 14 17:01:31 owaspbwa kernel: [    0.533326] hpet0: at MMIO 0xfed00000, IRQs 2, 8, 0, 0, 0, 0, 0, 0, 0, 0, 0, 0, 0, 0, 0, 0
Sep 14 17:01:31 owaspbwa kernel: [    0.533608] hpet0: 16 comparators, 64-bit 14.318180 MHz counter
Sep 14 17:01:31 owaspbwa kernel: [    0.540016] Switching to clocksource tsc
Sep 14 17:01:31 owaspbwa kernel: [    0.542147] AppArmor: AppArmor Filesystem Enabled
Sep 14 17:01:31 owaspbwa kernel: [    0.542202] pnp: PnP ACPI init
Sep 14 17:01:31 owaspbwa kernel: [    0.542245] ACPI: bus type pnp registered
Sep 14 17:01:31 owaspbwa kernel: [    0.577709] pnp: PnP ACPI: found 11 devices
Sep 14 17:01:31 owaspbwa kernel: [    0.577759] ACPI: ACPI bus type pnp unregistered
Sep 14 17:01:31 owaspbwa kernel: [    0.577807] PnPBIOS: Disabled by ACPI PNP
Sep 14 17:01:31 owaspbwa kernel: [    0.577858] system 00:01: ioport range 0x1000-0x103f has been reserved
Sep 14 17:01:31 owaspbwa kernel: [    0.577915] system 00:01: ioport range 0x1040-0x104f has been reserved
Sep 14 17:01:31 owaspbwa kernel: [    0.577973] system 00:01: ioport range 0xcf0-0xcf1 has been reserved
Sep 14 17:01:31 owaspbwa kernel: [    0.578043] system 00:08: iomem range 0xfed00000-0xfed003ff has been reserved
Sep 14 17:01:31 owaspbwa kernel: [    0.578105] system 00:0a: ioport range 0xfce0-0xfcff has been reserved
Sep 14 17:01:31 owaspbwa kernel: [    0.578163] system 00:0a: iomem range 0xf0000000-0xf7ffffff has been reserved
Sep 14 17:01:31 owaspbwa kernel: [    0.578223] system 00:0a: iomem range 0xfe800000-0xfe9fffff has been reserved
Sep 14 17:01:31 owaspbwa kernel: [    0.614828] pci 0000:00:15.3: BAR 13: can't allocate I/O resource [0x10000-0xffff]
Sep 14 17:01:31 owaspbwa kernel: [    0.614912] pci 0000:00:15.4: BAR 13: can't allocate I/O resource [0x10000-0xffff]
Sep 14 17:01:31 owaspbwa kernel: [    0.614985] pci 0000:00:15.5: BAR 13: can't allocate I/O resource [0x10000-0xffff]
Sep 14 17:01:31 owaspbwa kernel: [    0.615059] pci 0000:00:15.6: BAR 13: can't allocate I/O resource [0x10000-0xffff]
Sep 14 17:01:31 owaspbwa kernel: [    0.615132] pci 0000:00:15.7: BAR 13: can't allocate I/O resource [0x10000-0xffff]
Sep 14 17:01:31 owaspbwa kernel: [    0.615205] pci 0000:00:16.3: BAR 13: can't allocate I/O resource [0x10000-0xffff]
Sep 14 17:01:31 owaspbwa kernel: [    0.615278] pci 0000:00:16.4: BAR 13: can't allocate I/O resource [0x10000-0xffff]
Sep 14 17:01:31 owaspbwa kernel: [    0.615351] pci 0000:00:16.5: BAR 13: can't allocate I/O resource [0x10000-0xffff]
Sep 14 17:01:31 owaspbwa kernel: [    0.615423] pci 0000:00:16.6: BAR 13: can't allocate I/O resource [0x10000-0xffff]
Sep 14 17:01:31 owaspbwa kernel: [    0.615498] pci 0000:00:16.7: BAR 13: can't allocate I/O resource [0x10000-0xffff]
Sep 14 17:01:31 owaspbwa kernel: [    0.615580] pci 0000:00:17.3: BAR 13: can't allocate I/O resource [0x10000-0xffff]
Sep 14 17:01:31 owaspbwa kernel: [    0.615662] pci 0000:00:17.4: BAR 13: can't allocate I/O resource [0x10000-0xffff]
Sep 14 17:01:31 owaspbwa kernel: [    0.615744] pci 0000:00:17.5: BAR 13: can't allocate I/O resource [0x10000-0xffff]
Sep 14 17:01:31 owaspbwa kernel: [    0.615825] pci 0000:00:17.6: BAR 13: can't allocate I/O resource [0x10000-0xffff]
Sep 14 17:01:31 owaspbwa kernel: [    0.615891] pci 0000:00:17.7: BAR 13: can't allocate I/O resource [0x10000-0xffff]
Sep 14 17:01:31 owaspbwa kernel: [    0.615957] pci 0000:00:18.2: BAR 13: can't allocate I/O resource [0x10000-0xffff]
Sep 14 17:01:31 owaspbwa kernel: [    0.616039] pci 0000:00:18.3: BAR 13: can't allocate I/O resource [0x10000-0xffff]
Sep 14 17:01:31 owaspbwa kernel: [    0.616110] pci 0000:00:18.4: BAR 13: can't allocate I/O resource [0x10000-0xffff]
Sep 14 17:01:31 owaspbwa kernel: [    0.616183] pci 0000:00:18.5: BAR 13: can't allocate I/O resource [0x10000-0xffff]
Sep 14 17:01:31 owaspbwa kernel: [    0.616191] pci 0000:00:18.6: BAR 13: can't allocate I/O resource [0x10000-0xffff]
Sep 14 17:01:31 owaspbwa kernel: [    0.616282] pci 0000:00:18.7: BAR 13: can't allocate I/O resource [0x10000-0xffff]
Sep 14 17:01:31 owaspbwa kernel: [    0.616355] pci 0000:00:01.0: PCI bridge, secondary bus 0000:01
Sep 14 17:01:31 owaspbwa kernel: [    0.616409] pci 0000:00:01.0:   IO window: disabled
Sep 14 17:01:31 owaspbwa kernel: [    0.616485] pci 0000:00:01.0:   MEM window: disabled
Sep 14 17:01:31 owaspbwa kernel: [    0.616551] pci 0000:00:01.0:   PREFETCH window: disabled
Sep 14 17:01:31 owaspbwa kernel: [    0.616638] pci 0000:00:11.0: PCI bridge, secondary bus 0000:02
Sep 14 17:01:31 owaspbwa kernel: [    0.616702] pci 0000:00:11.0:   IO window: 0x2000-0x3fff
Sep 14 17:01:31 owaspbwa kernel: [    0.616779] pci 0000:00:11.0:   MEM window: 0xfd500000-0xfdffffff
Sep 14 17:01:31 owaspbwa kernel: [    0.616852] pci 0000:00:11.0:   PREFETCH window: 0x000000e7b00000-0x000000e7ffffff
Sep 14 17:01:31 owaspbwa kernel: [    0.616958] pci 0000:00:15.0: PCI bridge, secondary bus 0000:03
Sep 14 17:01:31 owaspbwa kernel: [    0.617022] pci 0000:00:15.0:   IO window: 0x4000-0x4fff
Sep 14 17:01:31 owaspbwa kernel: [    0.617099] pci 0000:00:15.0:   MEM window: 0xfd400000-0xfd4fffff
Sep 14 17:01:31 owaspbwa kernel: [    0.617171] pci 0000:00:15.0:   PREFETCH window: 0x000000e7a00000-0x000000e7afffff
Sep 14 17:01:31 owaspbwa kernel: [    0.617313] pci 0000:00:15.1: PCI bridge, secondary bus 0000:04
Sep 14 17:01:31 owaspbwa kernel: [    0.617377] pci 0000:00:15.1:   IO window: 0x8000-0x8fff
Sep 14 17:01:31 owaspbwa kernel: [    0.617455] pci 0000:00:15.1:   MEM window: 0xfd000000-0xfd0fffff
Sep 14 17:01:31 owaspbwa kernel: [    0.617545] pci 0000:00:15.1:   PREFETCH window: 0x000000e7600000-0x000000e76fffff
Sep 14 17:01:31 owaspbwa kernel: [    0.617660] pci 0000:00:15.2: PCI bridge, secondary bus 0000:05
Sep 14 17:01:31 owaspbwa kernel: [    0.617724] pci 0000:00:15.2:   IO window: 0xc000-0xcfff
Sep 14 17:01:31 owaspbwa kernel: [    0.617825] pci 0000:00:15.2:   MEM window: 0xfcc00000-0xfccfffff
Sep 14 17:01:31 owaspbwa kernel: [    0.617911] pci 0000:00:15.2:   PREFETCH window: 0x000000e7200000-0x000000e72fffff
Sep 14 17:01:31 owaspbwa kernel: [    0.618063] pci 0000:00:15.3: PCI bridge, secondary bus 0000:06
Sep 14 17:01:31 owaspbwa kernel: [    0.618130] pci 0000:00:15.3:   IO window: disabled
Sep 14 17:01:31 owaspbwa kernel: [    0.618229] pci 0000:00:15.3:   MEM window: 0xfc800000-0xfc8fffff
Sep 14 17:01:31 owaspbwa kernel: [    0.618305] pci 0000:00:15.3:   PREFETCH window: 0x000000e6e00000-0x000000e6efffff
Sep 14 17:01:31 owaspbwa kernel: [    0.618421] pci 0000:00:15.4: PCI bridge, secondary bus 0000:07
Sep 14 17:01:31 owaspbwa kernel: [    0.618475] pci 0000:00:15.4:   IO window: disabled
Sep 14 17:01:31 owaspbwa kernel: [    0.618549] pci 0000:00:15.4:   MEM window: 0xfc400000-0xfc4fffff
Sep 14 17:01:31 owaspbwa kernel: [    0.618622] pci 0000:00:15.4:   PREFETCH window: 0x000000e6a00000-0x000000e6afffff
Sep 14 17:01:31 owaspbwa kernel: [    0.618734] pci 0000:00:15.5: PCI bridge, secondary bus 0000:08
Sep 14 17:01:31 owaspbwa kernel: [    0.618788] pci 0000:00:15.5:   IO window: disabled
Sep 14 17:01:31 owaspbwa kernel: [    0.618862] pci 0000:00:15.5:   MEM window: 0xfc000000-0xfc0fffff
Sep 14 17:01:31 owaspbwa kernel: [    0.618935] pci 0000:00:15.5:   PREFETCH window: 0x000000e6600000-0x000000e66fffff
Sep 14 17:01:31 owaspbwa kernel: [    0.619046] pci 0000:00:15.6: PCI bridge, secondary bus 0000:09
Sep 14 17:01:31 owaspbwa kernel: [    0.619100] pci 0000:00:15.6:   IO window: disabled
Sep 14 17:01:31 owaspbwa kernel: [    0.619174] pci 0000:00:15.6:   MEM window: 0xfbc00000-0xfbcfffff
Sep 14 17:01:31 owaspbwa kernel: [    0.619247] pci 0000:00:15.6:   PREFETCH window: 0x000000e6200000-0x000000e62fffff
Sep 14 17:01:31 owaspbwa kernel: [    0.619358] pci 0000:00:15.7: PCI bridge, secondary bus 0000:0a
Sep 14 17:01:31 owaspbwa kernel: [    0.619418] pci 0000:00:15.7:   IO window: disabled
Sep 14 17:01:31 owaspbwa kernel: [    0.619501] pci 0000:00:15.7:   MEM window: 0xfb800000-0xfb8fffff
Sep 14 17:01:31 owaspbwa kernel: [    0.619582] pci 0000:00:15.7:   PREFETCH window: 0x000000e5e00000-0x000000e5efffff
Sep 14 17:01:31 owaspbwa kernel: [    0.619708] pci 0000:00:16.0: PCI bridge, secondary bus 0000:0b
Sep 14 17:01:31 owaspbwa kernel: [    0.619772] pci 0000:00:16.0:   IO window: 0x5000-0x5fff
Sep 14 17:01:31 owaspbwa kernel: [    0.619841] pci 0000:00:16.0:   MEM window: 0xfd300000-0xfd3fffff
Sep 14 17:01:31 owaspbwa kernel: [    0.619907] pci 0000:00:16.0:   PREFETCH window: 0x000000e7900000-0x000000e79fffff
Sep 14 17:01:31 owaspbwa kernel: [    0.620022] pci 0000:00:16.1: PCI bridge, secondary bus 0000:0c
Sep 14 17:01:31 owaspbwa kernel: [    0.620081] pci 0000:00:16.1:   IO window: 0x9000-0x9fff
Sep 14 17:01:31 owaspbwa kernel: [    0.620150] pci 0000:00:16.1:   MEM window: 0xfcf00000-0xfcffffff
Sep 14 17:01:31 owaspbwa kernel: [    0.620219] pci 0000:00:16.1:   PREFETCH window: 0x000000e7500000-0x000000e75fffff
Sep 14 17:01:31 owaspbwa kernel: [    0.620324] pci 0000:00:16.2: PCI bridge, secondary bus 0000:0d
Sep 14 17:01:31 owaspbwa kernel: [    0.620388] pci 0000:00:16.2:   IO window: 0xd000-0xdfff
Sep 14 17:01:31 owaspbwa kernel: [    0.620465] pci 0000:00:16.2:   MEM window: 0xfcb00000-0xfcbfffff
Sep 14 17:01:31 owaspbwa kernel: [    0.620537] pci 0000:00:16.2:   PREFETCH window: 0x000000e7100000-0x000000e71fffff
Sep 14 17:01:31 owaspbwa kernel: [    0.620649] pci 0000:00:16.3: PCI bridge, secondary bus 0000:0e
Sep 14 17:01:31 owaspbwa kernel: [    0.620703] pci 0000:00:16.3:   IO window: disabled
Sep 14 17:01:31 owaspbwa kernel: [    0.620777] pci 0000:00:16.3:   MEM window: 0xfc700000-0xfc7fffff
Sep 14 17:01:31 owaspbwa kernel: [    0.620849] pci 0000:00:16.3:   PREFETCH window: 0x000000e6d00000-0x000000e6dfffff
Sep 14 17:01:31 owaspbwa kernel: [    0.620961] pci 0000:00:16.4: PCI bridge, secondary bus 0000:0f
Sep 14 17:01:31 owaspbwa kernel: [    0.621015] pci 0000:00:16.4:   IO window: disabled
Sep 14 17:01:31 owaspbwa kernel: [    0.621089] pci 0000:00:16.4:   MEM window: 0xfc300000-0xfc3fffff
Sep 14 17:01:31 owaspbwa kernel: [    0.621162] pci 0000:00:16.4:   PREFETCH window: 0x000000e6900000-0x000000e69fffff
Sep 14 17:01:31 owaspbwa kernel: [    0.621274] pci 0000:00:16.5: PCI bridge, secondary bus 0000:10
Sep 14 17:01:31 owaspbwa kernel: [    0.621328] pci 0000:00:16.5:   IO window: disabled
Sep 14 17:01:31 owaspbwa kernel: [    0.621409] pci 0000:00:16.5:   MEM window: 0xfbf00000-0xfbffffff
Sep 14 17:01:31 owaspbwa kernel: [    0.621490] pci 0000:00:16.5:   PREFETCH window: 0x000000e6500000-0x000000e65fffff
Sep 14 17:01:31 owaspbwa kernel: [    0.621616] pci 0000:00:16.6: PCI bridge, secondary bus 0000:11
Sep 14 17:01:31 owaspbwa kernel: [    0.621677] pci 0000:00:16.6:   IO window: disabled
Sep 14 17:01:31 owaspbwa kernel: [    0.621760] pci 0000:00:16.6:   MEM window: 0xfbb00000-0xfbbfffff
Sep 14 17:01:31 owaspbwa kernel: [    0.621857] pci 0000:00:16.6:   PREFETCH window: 0x000000e6100000-0x000000e61fffff
Sep 14 17:01:31 owaspbwa kernel: [    0.621970] pci 0000:00:16.7: PCI bridge, secondary bus 0000:12
Sep 14 17:01:31 owaspbwa kernel: [    0.622024] pci 0000:00:16.7:   IO window: disabled
Sep 14 17:01:31 owaspbwa kernel: [    0.622098] pci 0000:00:16.7:   MEM window: 0xfb700000-0xfb7fffff
Sep 14 17:01:31 owaspbwa kernel: [    0.622171] pci 0000:00:16.7:   PREFETCH window: 0x000000e5d00000-0x000000e5dfffff
Sep 14 17:01:31 owaspbwa kernel: [    0.622282] pci 0000:00:17.0: PCI bridge, secondary bus 0000:13
Sep 14 17:01:31 owaspbwa kernel: [    0.622346] pci 0000:00:17.0:   IO window: 0x6000-0x6fff
Sep 14 17:01:31 owaspbwa kernel: [    0.622423] pci 0000:00:17.0:   MEM window: 0xfd200000-0xfd2fffff
Sep 14 17:01:31 owaspbwa kernel: [    0.622495] pci 0000:00:17.0:   PREFETCH window: 0x000000e7800000-0x000000e78fffff
Sep 14 17:01:31 owaspbwa kernel: [    0.622606] pci 0000:00:17.1: PCI bridge, secondary bus 0000:14
Sep 14 17:01:31 owaspbwa kernel: [    0.622670] pci 0000:00:17.1:   IO window: 0xa000-0xafff
Sep 14 17:01:31 owaspbwa kernel: [    0.622746] pci 0000:00:17.1:   MEM window: 0xfce00000-0xfcefffff
Sep 14 17:01:31 owaspbwa kernel: [    0.622819] pci 0000:00:17.1:   PREFETCH window: 0x000000e7400000-0x000000e74fffff
Sep 14 17:01:31 owaspbwa kernel: [    0.622930] pci 0000:00:17.2: PCI bridge, secondary bus 0000:15
Sep 14 17:01:31 owaspbwa kernel: [    0.622994] pci 0000:00:17.2:   IO window: 0xe000-0xefff
Sep 14 17:01:31 owaspbwa kernel: [    0.623071] pci 0000:00:17.2:   MEM window: 0xfca00000-0xfcafffff
Sep 14 17:01:31 owaspbwa kernel: [    0.623143] pci 0000:00:17.2:   PREFETCH window: 0x000000e7000000-0x000000e70fffff
Sep 14 17:01:31 owaspbwa kernel: [    0.623255] pci 0000:00:17.3: PCI bridge, secondary bus 0000:16
Sep 14 17:01:31 owaspbwa kernel: [    0.623309] pci 0000:00:17.3:   IO window: disabled
Sep 14 17:01:31 owaspbwa kernel: [    0.623384] pci 0000:00:17.3:   MEM window: 0xfc600000-0xfc6fffff
Sep 14 17:01:31 owaspbwa kernel: [    0.623473] pci 0000:00:17.3:   PREFETCH window: 0x000000e6c00000-0x000000e6cfffff
Sep 14 17:01:31 owaspbwa kernel: [    0.623588] pci 0000:00:17.4: PCI bridge, secondary bus 0000:17
Sep 14 17:01:31 owaspbwa kernel: [    0.623648] pci 0000:00:17.4:   IO window: disabled
Sep 14 17:01:31 owaspbwa kernel: [    0.623728] pci 0000:00:17.4:   MEM window: 0xfc200000-0xfc2fffff
Sep 14 17:01:31 owaspbwa kernel: [    0.623802] pci 0000:00:17.4:   PREFETCH window: 0x000000e6800000-0x000000e68fffff
Sep 14 17:01:31 owaspbwa kernel: [    0.623916] pci 0000:00:17.5: PCI bridge, secondary bus 0000:18
Sep 14 17:01:31 owaspbwa kernel: [    0.623970] pci 0000:00:17.5:   IO window: disabled
Sep 14 17:01:31 owaspbwa kernel: [    0.624060] pci 0000:00:17.5:   MEM window: 0xfbe00000-0xfbefffff
Sep 14 17:01:31 owaspbwa kernel: [    0.624133] pci 0000:00:17.5:   PREFETCH window: 0x000000e6400000-0x000000e64fffff
Sep 14 17:01:31 owaspbwa kernel: [    0.624246] pci 0000:00:17.6: PCI bridge, secondary bus 0000:19
Sep 14 17:01:31 owaspbwa kernel: [    0.624246] pci 0000:00:17.6:   IO window: disabled
Sep 14 17:01:31 owaspbwa kernel: [    0.624284] pci 0000:00:17.6:   MEM window: 0xfba00000-0xfbafffff
Sep 14 17:01:31 owaspbwa kernel: [    0.624358] pci 0000:00:17.6:   PREFETCH window: 0x000000e6000000-0x000000e60fffff
Sep 14 17:01:31 owaspbwa kernel: [    0.624471] pci 0000:00:17.7: PCI bridge, secondary bus 0000:1a
Sep 14 17:01:31 owaspbwa kernel: [    0.624922] pci 0000:00:17.7:   IO window: disabled
Sep 14 17:01:31 owaspbwa kernel: [    0.624999] pci 0000:00:17.7:   MEM window: 0xfb600000-0xfb6fffff
Sep 14 17:01:31 owaspbwa kernel: [    0.625072] pci 0000:00:17.7:   PREFETCH window: 0x000000e5c00000-0x000000e5cfffff
Sep 14 17:01:31 owaspbwa kernel: [    0.625187] pci 0000:00:18.0: PCI bridge, secondary bus 0000:1b
Sep 14 17:01:31 owaspbwa kernel: [    0.625251] pci 0000:00:18.0:   IO window: 0x7000-0x7fff
Sep 14 17:01:31 owaspbwa kernel: [    0.625328] pci 0000:00:18.0:   MEM window: 0xfd100000-0xfd1fffff
Sep 14 17:01:31 owaspbwa kernel: [    0.625401] pci 0000:00:18.0:   PREFETCH window: 0x000000e7700000-0x000000e77fffff
Sep 14 17:01:31 owaspbwa kernel: [    0.625512] pci 0000:00:18.1: PCI bridge, secondary bus 0000:1c
Sep 14 17:01:31 owaspbwa kernel: [    0.625576] pci 0000:00:18.1:   IO window: 0xb000-0xbfff
Sep 14 17:01:31 owaspbwa kernel: [    0.625653] pci 0000:00:18.1:   MEM window: 0xfcd00000-0xfcdfffff
Sep 14 17:01:31 owaspbwa kernel: [    0.625740] pci 0000:00:18.1:   PREFETCH window: 0x000000e7300000-0x000000e73fffff
Sep 14 17:01:31 owaspbwa kernel: [    0.625853] pci 0000:00:18.2: PCI bridge, secondary bus 0000:1d
Sep 14 17:01:31 owaspbwa kernel: [    0.625908] pci 0000:00:18.2:   IO window: disabled
Sep 14 17:01:31 owaspbwa kernel: [    0.625981] pci 0000:00:18.2:   MEM window: 0xfc900000-0xfc9fffff
Sep 14 17:01:31 owaspbwa kernel: [    0.626054] pci 0000:00:18.2:   PREFETCH window: 0x000000e6f00000-0x000000e6ffffff
Sep 14 17:01:31 owaspbwa kernel: [    0.626165] pci 0000:00:18.3: PCI bridge, secondary bus 0000:1e
Sep 14 17:01:31 owaspbwa kernel: [    0.626218] pci 0000:00:18.3:   IO window: disabled
Sep 14 17:01:31 owaspbwa kernel: [    0.626293] pci 0000:00:18.3:   MEM window: 0xfc500000-0xfc5fffff
Sep 14 17:01:31 owaspbwa kernel: [    0.626365] pci 0000:00:18.3:   PREFETCH window: 0x000000e6b00000-0x000000e6bfffff
Sep 14 17:01:31 owaspbwa kernel: [    0.626476] pci 0000:00:18.4: PCI bridge, secondary bus 0000:1f
Sep 14 17:01:31 owaspbwa kernel: [    0.626530] pci 0000:00:18.4:   IO window: disabled
Sep 14 17:01:31 owaspbwa kernel: [    0.626604] pci 0000:00:18.4:   MEM window: 0xfc100000-0xfc1fffff
Sep 14 17:01:31 owaspbwa kernel: [    0.626677] pci 0000:00:18.4:   PREFETCH window: 0x000000e6700000-0x000000e67fffff
Sep 14 17:01:31 owaspbwa kernel: [    0.626789] pci 0000:00:18.5: PCI bridge, secondary bus 0000:20
Sep 14 17:01:31 owaspbwa kernel: [    0.626843] pci 0000:00:18.5:   IO window: disabled
Sep 14 17:01:31 owaspbwa kernel: [    0.626917] pci 0000:00:18.5:   MEM window: 0xfbd00000-0xfbdfffff
Sep 14 17:01:31 owaspbwa kernel: [    0.626989] pci 0000:00:18.5:   PREFETCH window: 0x000000e6300000-0x000000e63fffff
Sep 14 17:01:31 owaspbwa kernel: [    0.627101] pci 0000:00:18.6: PCI bridge, secondary bus 0000:21
Sep 14 17:01:31 owaspbwa kernel: [    0.627155] pci 0000:00:18.6:   IO window: disabled
Sep 14 17:01:31 owaspbwa kernel: [    0.627229] pci 0000:00:18.6:   MEM window: 0xfb900000-0xfb9fffff
Sep 14 17:01:31 owaspbwa kernel: [    0.627302] pci 0000:00:18.6:   PREFETCH window: 0x000000e5f00000-0x000000e5ffffff
Sep 14 17:01:31 owaspbwa kernel: [    0.627414] pci 0000:00:18.7: PCI bridge, secondary bus 0000:22
Sep 14 17:01:31 owaspbwa kernel: [    0.627467] pci 0000:00:18.7:   IO window: disabled
Sep 14 17:01:31 owaspbwa kernel: [    0.627542] pci 0000:00:18.7:   MEM window: 0xfb500000-0xfb5fffff
Sep 14 17:01:31 owaspbwa kernel: [    0.627614] pci 0000:00:18.7:   PREFETCH window: 0x000000e5b00000-0x000000e5bfffff
Sep 14 17:01:31 owaspbwa kernel: [    0.629914] NET: Registered protocol family 2
Sep 14 17:01:31 owaspbwa kernel: [    0.630017] IP route cache hash table entries: 32768 (order: 5, 131072 bytes)
Sep 14 17:01:31 owaspbwa kernel: [    0.630638] TCP established hash table entries: 131072 (order: 8, 1048576 bytes)
Sep 14 17:01:31 owaspbwa kernel: [    0.630861] TCP bind hash table entries: 65536 (order: 7, 524288 bytes)
Sep 14 17:01:31 owaspbwa kernel: [    0.632357] TCP: Hash tables configured (established 131072 bind 65536)
Sep 14 17:01:31 owaspbwa kernel: [    0.632417] TCP reno registered
Sep 14 17:01:31 owaspbwa kernel: [    0.632492] NET: Registered protocol family 1
Sep 14 17:01:31 owaspbwa kernel: [    0.632545] pci 0000:00:00.0: Limiting direct PCI/PCI transfers
Sep 14 17:01:31 owaspbwa kernel: [    0.632759] Simple Boot Flag at 0x36 set to 0x1
Sep 14 17:01:31 owaspbwa kernel: [    0.632975] cpufreq-nforce2: No nForce2 chipset.
Sep 14 17:01:31 owaspbwa kernel: [    0.633035] Scanning for low memory corruption every 60 seconds
Sep 14 17:01:31 owaspbwa kernel: [    0.633141] audit: initializing netlink socket (disabled)
Sep 14 17:01:31 owaspbwa kernel: [    0.633197] type=2000 audit(1694725283.632:1): initialized
Sep 14 17:01:31 owaspbwa kernel: [    0.638331] HugeTLB registered 2 MB page size, pre-allocated 0 pages
Sep 14 17:01:31 owaspbwa kernel: [    0.639529] VFS: Disk quotas dquot_6.5.2
Sep 14 17:01:31 owaspbwa kernel: [    0.639615] Dquot-cache hash table entries: 1024 (order 0, 4096 bytes)
Sep 14 17:01:31 owaspbwa kernel: [    0.640243] fuse init (API version 7.13)
Sep 14 17:01:31 owaspbwa kernel: [    0.640265] msgmni has been set to 1496
Sep 14 17:01:31 owaspbwa kernel: [    0.641109] alg: No test for stdrng (krng)
Sep 14 17:01:31 owaspbwa kernel: [    0.641349] Block layer SCSI generic (bsg) driver version 0.4 loaded (major 253)
Sep 14 17:01:31 owaspbwa kernel: [    0.641425] io scheduler noop registered
Sep 14 17:01:31 owaspbwa kernel: [    0.641468] io scheduler anticipatory registered
Sep 14 17:01:31 owaspbwa kernel: [    0.641515] io scheduler deadline registered
Sep 14 17:01:31 owaspbwa kernel: [    0.641576] io scheduler cfq registered (default)
Sep 14 17:01:31 owaspbwa kernel: [    0.675060] pci_hotplug: PCI Hot Plug PCI Core version: 0.5
Sep 14 17:01:31 owaspbwa kernel: [    0.677817] pciehp 0000:00:15.0:pcie04: HPC vendor_id 15ad device_id 7a0 ss_vid 0 ss_did 0
Sep 14 17:01:31 owaspbwa kernel: [    0.678213] pciehp 0000:00:15.1:pcie04: HPC vendor_id 15ad device_id 7a0 ss_vid 0 ss_did 0
Sep 14 17:01:31 owaspbwa kernel: [    0.678597] pciehp 0000:00:15.2:pcie04: HPC vendor_id 15ad device_id 7a0 ss_vid 0 ss_did 0
Sep 14 17:01:31 owaspbwa kernel: [    0.679012] pciehp 0000:00:15.3:pcie04: HPC vendor_id 15ad device_id 7a0 ss_vid 0 ss_did 0
Sep 14 17:01:31 owaspbwa kernel: [    0.679412] pciehp 0000:00:15.4:pcie04: HPC vendor_id 15ad device_id 7a0 ss_vid 0 ss_did 0
Sep 14 17:01:31 owaspbwa kernel: [    0.679796] pciehp 0000:00:15.5:pcie04: HPC vendor_id 15ad device_id 7a0 ss_vid 0 ss_did 0
Sep 14 17:01:31 owaspbwa kernel: [    0.680230] pciehp 0000:00:15.6:pcie04: HPC vendor_id 15ad device_id 7a0 ss_vid 0 ss_did 0
Sep 14 17:01:31 owaspbwa kernel: [    0.680652] pciehp 0000:00:15.7:pcie04: HPC vendor_id 15ad device_id 7a0 ss_vid 0 ss_did 0
Sep 14 17:01:31 owaspbwa kernel: [    0.681112] pciehp 0000:00:16.0:pcie04: HPC vendor_id 15ad device_id 7a0 ss_vid 0 ss_did 0
Sep 14 17:01:31 owaspbwa kernel: [    0.681592] pciehp 0000:00:16.1:pcie04: HPC vendor_id 15ad device_id 7a0 ss_vid 0 ss_did 0
Sep 14 17:01:31 owaspbwa kernel: [    0.682042] pciehp 0000:00:16.2:pcie04: HPC vendor_id 15ad device_id 7a0 ss_vid 0 ss_did 0
Sep 14 17:01:31 owaspbwa kernel: [    0.682463] pciehp 0000:00:16.3:pcie04: HPC vendor_id 15ad device_id 7a0 ss_vid 0 ss_did 0
Sep 14 17:01:31 owaspbwa kernel: [    0.682867] pciehp 0000:00:16.4:pcie04: HPC vendor_id 15ad device_id 7a0 ss_vid 0 ss_did 0
Sep 14 17:01:31 owaspbwa kernel: [    0.683271] pciehp 0000:00:16.5:pcie04: HPC vendor_id 15ad device_id 7a0 ss_vid 0 ss_did 0
Sep 14 17:01:31 owaspbwa kernel: [    0.683666] pciehp 0000:00:16.6:pcie04: HPC vendor_id 15ad device_id 7a0 ss_vid 0 ss_did 0
Sep 14 17:01:31 owaspbwa kernel: [    0.684098] pciehp 0000:00:16.7:pcie04: HPC vendor_id 15ad device_id 7a0 ss_vid 0 ss_did 0
Sep 14 17:01:31 owaspbwa kernel: [    0.684442] pciehp 0000:00:17.0:pcie04: HPC vendor_id 15ad device_id 7a0 ss_vid 0 ss_did 0
Sep 14 17:01:31 owaspbwa kernel: [    0.684828] pciehp 0000:00:17.1:pcie04: HPC vendor_id 15ad device_id 7a0 ss_vid 0 ss_did 0
Sep 14 17:01:31 owaspbwa kernel: [    0.685214] pciehp 0000:00:17.2:pcie04: HPC vendor_id 15ad device_id 7a0 ss_vid 0 ss_did 0
Sep 14 17:01:31 owaspbwa kernel: [    0.685612] pciehp 0000:00:17.3:pcie04: HPC vendor_id 15ad device_id 7a0 ss_vid 0 ss_did 0
Sep 14 17:01:31 owaspbwa kernel: [    0.686001] pciehp 0000:00:17.4:pcie04: HPC vendor_id 15ad device_id 7a0 ss_vid 0 ss_did 0
Sep 14 17:01:31 owaspbwa kernel: [    0.686387] pciehp 0000:00:17.5:pcie04: HPC vendor_id 15ad device_id 7a0 ss_vid 0 ss_did 0
Sep 14 17:01:31 owaspbwa kernel: [    0.686783] pciehp 0000:00:17.6:pcie04: HPC vendor_id 15ad device_id 7a0 ss_vid 0 ss_did 0
Sep 14 17:01:31 owaspbwa kernel: [    0.687168] pciehp 0000:00:17.7:pcie04: HPC vendor_id 15ad device_id 7a0 ss_vid 0 ss_did 0
Sep 14 17:01:31 owaspbwa kernel: [    0.687563] pciehp 0000:00:18.0:pcie04: HPC vendor_id 15ad device_id 7a0 ss_vid 0 ss_did 0
Sep 14 17:01:31 owaspbwa kernel: [    0.687957] pciehp 0000:00:18.1:pcie04: HPC vendor_id 15ad device_id 7a0 ss_vid 0 ss_did 0
Sep 14 17:01:31 owaspbwa kernel: [    0.688306] pciehp 0000:00:18.2:pcie04: HPC vendor_id 15ad device_id 7a0 ss_vid 0 ss_did 0
Sep 14 17:01:31 owaspbwa kernel: [    0.688710] pciehp 0000:00:18.3:pcie04: HPC vendor_id 15ad device_id 7a0 ss_vid 0 ss_did 0
Sep 14 17:01:31 owaspbwa kernel: [    0.689096] pciehp 0000:00:18.4:pcie04: HPC vendor_id 15ad device_id 7a0 ss_vid 0 ss_did 0
Sep 14 17:01:31 owaspbwa kernel: [    0.689481] pciehp 0000:00:18.5:pcie04: HPC vendor_id 15ad device_id 7a0 ss_vid 0 ss_did 0
Sep 14 17:01:31 owaspbwa kernel: [    0.689866] pciehp 0000:00:18.6:pcie04: HPC vendor_id 15ad device_id 7a0 ss_vid 0 ss_did 0
Sep 14 17:01:31 owaspbwa kernel: [    0.690251] pciehp 0000:00:18.7:pcie04: HPC vendor_id 15ad device_id 7a0 ss_vid 0 ss_did 0
Sep 14 17:01:31 owaspbwa kernel: [    0.690558] pciehp: PCI Express Hot Plug Controller Driver version: 0.4
Sep 14 17:01:31 owaspbwa kernel: [    0.690901] ACPI: AC Adapter [ACAD] (on-line)
Sep 14 17:01:31 owaspbwa kernel: [    0.691008] input: Power Button as /devices/LNXSYSTM:00/LNXPWRBN:00/input/input0
Sep 14 17:01:31 owaspbwa kernel: [    0.691081] ACPI: Power Button [PWRF]
Sep 14 17:01:31 owaspbwa kernel: [    0.692467] processor LNXCPU:00: registered as cooling_device0
Sep 14 17:01:31 owaspbwa kernel: [    0.692882] processor LNXCPU:01: registered as cooling_device1
Sep 14 17:01:31 owaspbwa kernel: [    0.758902] isapnp: Scanning for PnP cards...
Sep 14 17:01:31 owaspbwa kernel: [    0.759681] Serial: 8250/16550 driver, 4 ports, IRQ sharing enabled
Sep 14 17:01:31 owaspbwa kernel: [    0.760220] serial8250: ttyS0 at I/O 0x3f8 (irq = 4) is a 16550A
Sep 14 17:01:31 owaspbwa kernel: [    0.760797] 00:09: ttyS0 at I/O 0x3f8 (irq = 4) is a 16550A
Sep 14 17:01:31 owaspbwa kernel: [    0.761316] brd: module loaded
Sep 14 17:01:31 owaspbwa kernel: [    0.761584] loop: module loaded
Sep 14 17:01:31 owaspbwa kernel: [    0.761665] input: Macintosh mouse button emulation as /devices/virtual/input/input1
Sep 14 17:01:31 owaspbwa kernel: [    0.761948] scsi0 : ata_piix
Sep 14 17:01:31 owaspbwa kernel: [    0.762023] scsi1 : ata_piix
Sep 14 17:01:31 owaspbwa kernel: [    0.762075] ata1: PATA max UDMA/33 cmd 0x1f0 ctl 0x3f6 bmdma 0x1060 irq 14
Sep 14 17:01:31 owaspbwa kernel: [    0.762134] ata2: PATA max UDMA/33 cmd 0x170 ctl 0x376 bmdma 0x1068 irq 15
Sep 14 17:01:31 owaspbwa kernel: [    0.762357] Fixed MDIO Bus: probed
Sep 14 17:01:31 owaspbwa kernel: [    0.762412] PPP generic driver version 2.4.2
Sep 14 17:01:31 owaspbwa kernel: [    0.762472] tun: Universal TUN/TAP device driver, 1.6
Sep 14 17:01:31 owaspbwa kernel: [    0.762521] tun: (C) 1999-2004 Max Krasnyansky <maxk@qualcomm.com>
Sep 14 17:01:31 owaspbwa kernel: [    0.762632] ehci_hcd: USB 2.0 'Enhanced' Host Controller (EHCI) Driver
Sep 14 17:01:31 owaspbwa kernel: [    0.762700] ohci_hcd: USB 1.1 'Open' Host Controller (OHCI) Driver
Sep 14 17:01:31 owaspbwa kernel: [    0.762761] uhci_hcd: USB Universal Host Controller Interface driver
Sep 14 17:01:31 owaspbwa kernel: [    0.762848] uhci_hcd 0000:02:00.0: PCI INT A -> GSI 18 (level, low) -> IRQ 18
Sep 14 17:01:31 owaspbwa kernel: [    0.762938] uhci_hcd 0000:02:00.0: UHCI Host Controller
Sep 14 17:01:31 owaspbwa kernel: [    0.763007] uhci_hcd 0000:02:00.0: new USB bus registered, assigned bus number 1
Sep 14 17:01:31 owaspbwa kernel: [    0.763252] uhci_hcd 0000:02:00.0: irq 18, io base 0x00002080
Sep 14 17:01:31 owaspbwa kernel: [    0.763409] usb usb1: configuration #1 chosen from 1 choice
Sep 14 17:01:31 owaspbwa kernel: [    0.763474] hub 1-0:1.0: USB hub found
Sep 14 17:01:31 owaspbwa kernel: [    0.763518] hub 1-0:1.0: 2 ports detected
Sep 14 17:01:31 owaspbwa kernel: [    0.763656] PNP: PS/2 Controller [PNP0303:KBC,PNP0f13:MOUS] at 0x60,0x64 irq 1,12
Sep 14 17:01:31 owaspbwa kernel: [    0.764531] serio: i8042 KBD port at 0x60,0x64 irq 1
Sep 14 17:01:31 owaspbwa kernel: [    0.764586] serio: i8042 AUX port at 0x60,0x64 irq 12
Sep 14 17:01:31 owaspbwa kernel: [    0.764715] mice: PS/2 mouse device common for all mice
Sep 14 17:01:31 owaspbwa kernel: [    0.765002] rtc_cmos 00:04: rtc core: registered rtc_cmos as rtc0
Sep 14 17:01:31 owaspbwa kernel: [    0.765116] rtc0: alarms up to one month, y3k, 114 bytes nvram, hpet irqs
Sep 14 17:01:31 owaspbwa kernel: [    0.765220] device-mapper: uevent: version 1.0.3
Sep 14 17:01:31 owaspbwa kernel: [    0.765315] device-mapper: ioctl: 4.15.0-ioctl (2009-04-01) initialised: dm-devel@redhat.com
Sep 14 17:01:31 owaspbwa kernel: [    0.765430] device-mapper: multipath: version 1.1.0 loaded
Sep 14 17:01:31 owaspbwa kernel: [    0.765845] device-mapper: multipath round-robin: version 1.0.0 loaded
Sep 14 17:01:31 owaspbwa kernel: [    0.765955] EISA: Probing bus 0 at eisa.0
Sep 14 17:01:31 owaspbwa kernel: [    0.766007] Cannot allocate resource for EISA slot 1
Sep 14 17:01:31 owaspbwa kernel: [    0.766055] Cannot allocate resource for EISA slot 2
Sep 14 17:01:31 owaspbwa kernel: [    0.766115] Cannot allocate resource for EISA slot 3
Sep 14 17:01:31 owaspbwa kernel: [    0.766195] Cannot allocate resource for EISA slot 4
Sep 14 17:01:31 owaspbwa kernel: [    0.766257] Cannot allocate resource for EISA slot 5
Sep 14 17:01:31 owaspbwa kernel: [    0.766323] Cannot allocate resource for EISA slot 6
Sep 14 17:01:31 owaspbwa kernel: [    0.766384] Cannot allocate resource for EISA slot 7
Sep 14 17:01:31 owaspbwa kernel: [    0.766445] Cannot allocate resource for EISA slot 8
Sep 14 17:01:31 owaspbwa kernel: [    0.766506] EISA: Detected 0 cards.
Sep 14 17:01:31 owaspbwa kernel: [    0.766602] cpuidle: using governor ladder
Sep 14 17:01:31 owaspbwa kernel: [    0.766647] cpuidle: using governor menu
Sep 14 17:01:31 owaspbwa kernel: [    0.766869] TCP cubic registered
Sep 14 17:01:31 owaspbwa kernel: [    0.766967] NET: Registered protocol family 10
Sep 14 17:01:31 owaspbwa kernel: [    0.767202] lo: Disabled Privacy Extensions
Sep 14 17:01:31 owaspbwa kernel: [    0.767367] NET: Registered protocol family 17
Sep 14 17:01:31 owaspbwa kernel: [    0.767507] Using IPI No-Shortcut mode
Sep 14 17:01:31 owaspbwa kernel: [    0.767608] registered taskstats version 1
Sep 14 17:01:31 owaspbwa kernel: [    0.773648]   Magic number: 7:261:45
Sep 14 17:01:31 owaspbwa kernel: [    0.793656] rtc_cmos 00:04: setting system clock to 2023-09-14 21:01:24 UTC (1694725284)
Sep 14 17:01:31 owaspbwa kernel: [    0.793739] BIOS EDD facility v0.16 2004-Jun-25, 0 devices found
Sep 14 17:01:31 owaspbwa kernel: [    0.793793] EDD information not available.
Sep 14 17:01:31 owaspbwa kernel: [    0.797740] input: AT Translated Set 2 keyboard as /devices/platform/i8042/serio0/input/input2
Sep 14 17:01:31 owaspbwa kernel: [    1.088064] usb 1-1: new full speed USB device using uhci_hcd and address 2
Sep 14 17:01:31 owaspbwa kernel: [    1.114184] isapnp: No Plug & Play device found
Sep 14 17:01:31 owaspbwa kernel: [    1.114387] Freeing unused kernel memory: 672k freed
Sep 14 17:01:31 owaspbwa kernel: [    1.114493] Write protecting the kernel text: 4836k
Sep 14 17:01:31 owaspbwa kernel: [    1.114599] Write protecting the kernel read-only data: 1880k
Sep 14 17:01:31 owaspbwa kernel: [    1.121608] udev: starting version 151
Sep 14 17:01:31 owaspbwa kernel: [    1.150572] Fusion MPT base driver 3.04.12
Sep 14 17:01:31 owaspbwa kernel: [    1.150614] Copyright (c) 1999-2008 LSI Corporation
Sep 14 17:01:31 owaspbwa kernel: [    1.151753] Fusion MPT SPI Host driver 3.04.12
Sep 14 17:01:31 owaspbwa kernel: [    1.151833] mptspi 0000:00:10.0: PCI INT A -> GSI 17 (level, low) -> IRQ 17
Sep 14 17:01:31 owaspbwa kernel: [    1.160462] mptbase: ioc0: Initiating bringup
Sep 14 17:01:31 owaspbwa kernel: [    1.166549] Intel(R) PRO/1000 Network Driver - version 7.3.21-k5-NAPI
Sep 14 17:01:31 owaspbwa kernel: [    1.166605] Copyright (c) 1999-2006 Intel Corporation.
Sep 14 17:01:31 owaspbwa kernel: [    1.166655] e1000 0000:02:01.0: PCI INT A -> GSI 19 (level, low) -> IRQ 19
Sep 14 17:01:31 owaspbwa kernel: [    1.401688] usb 1-1: configuration #1 chosen from 1 choice
Sep 14 17:01:31 owaspbwa kernel: [    1.412107] ioc0: LSI53C1030 B0: Capabilities={Initiator}
Sep 14 17:01:31 owaspbwa kernel: [    1.417529] usbcore: registered new interface driver hiddev
Sep 14 17:01:31 owaspbwa kernel: [    1.419551] input: VMware VMware Virtual USB Mouse as /devices/pci0000:00/0000:00:11.0/0000:02:00.0/usb1/1-1/1-1:1.0/input/input3
Sep 14 17:01:31 owaspbwa kernel: [    1.419880] generic-usb 0003:0E0F:0003.0001: input,hidraw0: USB HID v1.10 Mouse [VMware VMware Virtual USB Mouse] on usb-0000:02:00.0-1/input0
Sep 14 17:01:31 owaspbwa kernel: [    1.420083] usbcore: registered new interface driver usbhid
Sep 14 17:01:31 owaspbwa kernel: [    1.420247] usbhid: v2.6:USB HID core driver
Sep 14 17:01:31 owaspbwa kernel: [    1.491446] e1000: 0000:02:01.0: e1000_probe: (PCI:66MHz:32-bit) 00:0c:29:46:b9:94
Sep 14 17:01:31 owaspbwa kernel: [    1.516335] usb 1-2: new full speed USB device using uhci_hcd and address 3
Sep 14 17:01:31 owaspbwa kernel: [    1.527249] e1000: eth0: e1000_probe: Intel(R) PRO/1000 Network Connection
Sep 14 17:01:31 owaspbwa kernel: [    1.576361] scsi2 : ioc0: LSI53C1030 B0, FwRev=01032920h, Ports=1, MaxQ=128, IRQ=17
Sep 14 17:01:31 owaspbwa kernel: [    1.649209] usb 1-2: configuration #1 chosen from 1 choice
Sep 14 17:01:31 owaspbwa kernel: [    1.650421] hub 1-2:1.0: USB hub found
Sep 14 17:01:31 owaspbwa kernel: [    1.650848] hub 1-2:1.0: 7 ports detected
Sep 14 17:01:31 owaspbwa kernel: [    1.692720] scsi 2:0:0:0: Direct-Access     VMware,  VMware Virtual S 1.0  PQ: 0 ANSI: 2
Sep 14 17:01:31 owaspbwa kernel: [    1.692762] scsi target2:0:0: Beginning Domain Validation
Sep 14 17:01:31 owaspbwa kernel: [    1.692803] scsi target2:0:0: Domain Validation skipping write tests
Sep 14 17:01:31 owaspbwa kernel: [    1.692845] scsi target2:0:0: Ending Domain Validation
Sep 14 17:01:31 owaspbwa kernel: [    1.692887] scsi target2:0:0: FAST-40 WIDE SCSI 80.0 MB/s ST (25 ns, offset 127)
Sep 14 17:01:31 owaspbwa kernel: [    1.693069] sd 2:0:0:0: [sda] 16777216 512-byte logical blocks: (8.58 GB/8.00 GiB)
Sep 14 17:01:31 owaspbwa kernel: [    1.693232] sd 2:0:0:0: [sda] Write Protect is off
Sep 14 17:01:31 owaspbwa kernel: [    1.693355] sd 2:0:0:0: [sda] Cache data unavailable
Sep 14 17:01:31 owaspbwa kernel: [    1.693439] sd 2:0:0:0: [sda] Cache data unavailable
Sep 14 17:01:31 owaspbwa kernel: [    1.693523]  sda: sda1 sda2 < sda5 >
Sep 14 17:01:31 owaspbwa kernel: [    1.693966] sd 2:0:0:0: [sda] Cache data unavailable
Sep 14 17:01:31 owaspbwa kernel: [    1.694106] sd 2:0:0:0: [sda] Attached SCSI disk
Sep 14 17:01:31 owaspbwa kernel: [    1.694235] sd 2:0:0:0: Attached scsi generic sg0 type 0
Sep 14 17:01:31 owaspbwa kernel: [    1.766533] kjournald starting.  Commit interval 5 seconds
Sep 14 17:01:31 owaspbwa kernel: [    1.766580] EXT3-fs: mounted filesystem with ordered data mode.
Sep 14 17:01:31 owaspbwa kernel: [    2.257127] Adding 397304k swap on /dev/mapper/brokenwebapps-swap_1.  Priority:-1 extents:1 across:397304k 
Sep 14 17:01:31 owaspbwa kernel: [    2.266195] udev: starting version 151
Sep 14 17:01:31 owaspbwa kernel: [    2.320822] Linux agpgart interface v0.103
Sep 14 17:01:31 owaspbwa kernel: [    2.321281] shpchp: Standard Hot Plug PCI Controller Driver version: 0.4
Sep 14 17:01:31 owaspbwa kernel: [    2.324189] vga16fb: mapped to 0xc00a0000
Sep 14 17:01:31 owaspbwa kernel: [    2.324233] fb0: VGA16 VGA frame buffer device
Sep 14 17:01:31 owaspbwa kernel: [    2.334415] agpgart-intel 0000:00:00.0: Intel 440BX Chipset
Sep 14 17:01:31 owaspbwa kernel: [    2.335553] agpgart-intel 0000:00:00.0: AGP aperture is 256M @ 0x0
Sep 14 17:01:31 owaspbwa kernel: [    2.412377] input: ImPS/2 Generic Wheel Mouse as /devices/platform/i8042/serio1/input/input4
Sep 14 17:01:31 owaspbwa kernel: [    2.496423] Console: switching to colour frame buffer device 80x30
Sep 14 17:01:31 owaspbwa kernel: [    2.510140] ENS1371 0000:02:02.0: PCI INT A -> GSI 16 (level, low) -> IRQ 16
Sep 14 17:01:31 owaspbwa kernel: [    2.512707] lp: driver loaded but no devices found
Sep 14 17:01:31 owaspbwa kernel: [    2.570554] type=1505 audit(1694725286.274:2):  operation="profile_load" pid=583 name="/sbin/dhclient3"
Sep 14 17:01:31 owaspbwa kernel: [    2.570605] type=1505 audit(1694725286.274:3):  operation="profile_load" pid=583 name="/usr/lib/NetworkManager/nm-dhcp-client.action"
Sep 14 17:01:31 owaspbwa kernel: [    2.570657] type=1505 audit(1694725286.274:4):  operation="profile_load" pid=583 name="/usr/lib/connman/scripts/dhclient-script"
Sep 14 17:01:31 owaspbwa kernel: [    3.648984] ADDRCONF(NETDEV_UP): eth0: link is not ready
Sep 14 17:01:31 owaspbwa kernel: [    3.656546] e1000: eth0 NIC Link is Up 1000 Mbps Full Duplex, Flow Control: None
Sep 14 17:01:31 owaspbwa kernel: [    3.656894] ADDRCONF(NETDEV_CHANGE): eth0: link becomes ready
Sep 14 17:01:31 owaspbwa kernel: [    7.931256] EXT3 FS on dm-0, internal journal
Sep 14 17:01:31 owaspbwa kernel: [    8.057293] type=1505 audit(1694725291.762:5):  operation="profile_replace" pid=825 name="/sbin/dhclient3"
Sep 14 17:01:31 owaspbwa kernel: [    8.057353] type=1505 audit(1694725291.762:6):  operation="profile_replace" pid=825 name="/usr/lib/NetworkManager/nm-dhcp-client.action"
Sep 14 17:01:31 owaspbwa kernel: [    8.057414] type=1505 audit(1694725291.762:7):  operation="profile_replace" pid=825 name="/usr/lib/connman/scripts/dhclient-script"
Sep 14 17:01:31 owaspbwa kernel: [    8.061365] type=1505 audit(1694725291.766:8):  operation="profile_load" pid=826 name="/usr/sbin/tcpdump"
Sep 14 15:01:36 owaspbwa kernel: [   10.499201] acpiphp: ACPI Hot Plug PCI Controller Driver version: 0.5
Sep 14 15:01:36 owaspbwa kernel: [   10.499293] acpiphp: Slot [32] registered
Sep 14 15:01:36 owaspbwa kernel: [   10.499512] acpiphp: Slot [33] registered
Sep 14 15:01:36 owaspbwa kernel: [   10.499718] acpiphp: Slot [34] registered
Sep 14 15:01:36 owaspbwa kernel: [   10.499931] acpiphp: Slot [35] registered
Sep 14 15:01:36 owaspbwa kernel: [   10.499997] acpiphp: Slot [36] registered
Sep 14 15:01:36 owaspbwa kernel: [   10.499999] acpiphp: Slot [37] registered
Sep 14 15:01:36 owaspbwa kernel: [   10.499999] acpiphp: Slot [38] registered
Sep 14 15:01:36 owaspbwa kernel: [   10.500022] acpiphp: Slot [39] registered
Sep 14 15:01:36 owaspbwa kernel: [   10.500238] acpiphp: Slot [40] registered
Sep 14 15:01:36 owaspbwa kernel: [   10.500458] acpiphp: Slot [41] registered
Sep 14 15:01:36 owaspbwa kernel: [   10.500638] acpiphp: Slot [42] registered
Sep 14 15:01:36 owaspbwa kernel: [   10.500817] acpiphp: Slot [43] registered
Sep 14 15:01:36 owaspbwa kernel: [   10.501017] acpiphp: Slot [44] registered
Sep 14 15:01:36 owaspbwa kernel: [   10.501203] acpiphp: Slot [45] registered
Sep 14 15:01:36 owaspbwa kernel: [   10.501405] acpiphp: Slot [46] registered
Sep 14 15:01:36 owaspbwa kernel: [   10.501609] acpiphp: Slot [47] registered
Sep 14 15:01:36 owaspbwa kernel: [   10.501810] acpiphp: Slot [48] registered
Sep 14 15:01:36 owaspbwa kernel: [   10.502013] acpiphp: Slot [49] registered
Sep 14 15:01:36 owaspbwa kernel: [   10.502213] acpiphp: Slot [50] registered
Sep 14 15:01:36 owaspbwa kernel: [   10.502414] acpiphp: Slot [51] registered
Sep 14 15:01:36 owaspbwa kernel: [   10.502610] acpiphp: Slot [52] registered
Sep 14 15:01:36 owaspbwa kernel: [   10.502828] acpiphp: Slot [53] registered
Sep 14 15:01:36 owaspbwa kernel: [   10.503047] acpiphp: Slot [54] registered
Sep 14 15:01:36 owaspbwa kernel: [   10.503252] acpiphp: Slot [55] registered
Sep 14 15:01:36 owaspbwa kernel: [   10.503434] acpiphp: Slot [56] registered
Sep 14 15:01:36 owaspbwa kernel: [   10.503606] acpiphp: Slot [57] registered
Sep 14 15:01:36 owaspbwa kernel: [   10.503791] acpiphp: Slot [58] registered
Sep 14 15:01:36 owaspbwa kernel: [   10.503979] acpiphp: Slot [59] registered
Sep 14 15:01:36 owaspbwa kernel: [   10.503996] acpiphp: Slot [60] registered
Sep 14 15:01:36 owaspbwa kernel: [   10.503996] acpiphp: Slot [61] registered
Sep 14 15:01:36 owaspbwa kernel: [   10.503996] acpiphp: Slot [62] registered
Sep 14 15:01:36 owaspbwa kernel: [   10.504208] acpiphp: Slot [63] registered
Sep 14 15:01:36 owaspbwa kernel: [   10.504654] acpiphp_glue: Slot 160 already registered by another hotplug driver
Sep 14 15:01:36 owaspbwa kernel: [   10.504705] acpiphp_glue: Slot 192 already registered by another hotplug driver
Sep 14 15:01:36 owaspbwa kernel: [   10.504728] acpiphp_glue: Slot 224 already registered by another hotplug driver
Sep 14 15:01:36 owaspbwa kernel: [   10.504754] acpiphp_glue: Slot 256 already registered by another hotplug driver
Sep 14 15:01:36 owaspbwa kernel: [   10.504792] acpiphp_glue: Slot 161 already registered by another hotplug driver
Sep 14 15:01:36 owaspbwa kernel: [   10.504811] acpiphp_glue: Slot 162 already registered by another hotplug driver
Sep 14 15:01:36 owaspbwa kernel: [   10.504824] acpiphp_glue: Slot 163 already registered by another hotplug driver
Sep 14 15:01:36 owaspbwa kernel: [   10.504842] acpiphp_glue: Slot 164 already registered by another hotplug driver
Sep 14 15:01:36 owaspbwa kernel: [   10.504860] acpiphp_glue: Slot 165 already registered by another hotplug driver
Sep 14 15:01:36 owaspbwa kernel: [   10.504877] acpiphp_glue: Slot 166 already registered by another hotplug driver
Sep 14 15:01:36 owaspbwa kernel: [   10.504895] acpiphp_glue: Slot 167 already registered by another hotplug driver
Sep 14 15:01:36 owaspbwa kernel: [   10.504913] acpiphp_glue: Slot 193 already registered by another hotplug driver
Sep 14 15:01:36 owaspbwa kernel: [   10.504935] acpiphp_glue: Slot 194 already registered by another hotplug driver
Sep 14 15:01:36 owaspbwa kernel: [   10.504956] acpiphp_glue: Slot 195 already registered by another hotplug driver
Sep 14 15:01:36 owaspbwa kernel: [   10.504978] acpiphp_glue: Slot 196 already registered by another hotplug driver
Sep 14 15:01:36 owaspbwa kernel: [   10.505000] acpiphp_glue: Slot 197 already registered by another hotplug driver
Sep 14 15:01:36 owaspbwa kernel: [   10.505005] acpiphp_glue: Slot 198 already registered by another hotplug driver
Sep 14 15:01:36 owaspbwa kernel: [   10.505026] acpiphp_glue: Slot 199 already registered by another hotplug driver
Sep 14 15:01:36 owaspbwa kernel: [   10.505042] acpiphp_glue: Slot 225 already registered by another hotplug driver
Sep 14 15:01:36 owaspbwa kernel: [   10.505059] acpiphp_glue: Slot 226 already registered by another hotplug driver
Sep 14 15:01:36 owaspbwa kernel: [   10.505074] acpiphp_glue: Slot 227 already registered by another hotplug driver
Sep 14 15:01:36 owaspbwa kernel: [   10.505089] acpiphp_glue: Slot 228 already registered by another hotplug driver
Sep 14 15:01:36 owaspbwa kernel: [   10.505103] acpiphp_glue: Slot 229 already registered by another hotplug driver
Sep 14 15:01:36 owaspbwa kernel: [   10.505118] acpiphp_glue: Slot 230 already registered by another hotplug driver
Sep 14 15:01:36 owaspbwa kernel: [   10.505132] acpiphp_glue: Slot 231 already registered by another hotplug driver
Sep 14 15:01:36 owaspbwa kernel: [   10.505146] acpiphp_glue: Slot 257 already registered by another hotplug driver
Sep 14 15:01:36 owaspbwa kernel: [   10.505162] acpiphp_glue: Slot 258 already registered by another hotplug driver
Sep 14 15:01:36 owaspbwa kernel: [   10.505177] acpiphp_glue: Slot 259 already registered by another hotplug driver
Sep 14 15:01:36 owaspbwa kernel: [   10.505191] acpiphp_glue: Slot 260 already registered by another hotplug driver
Sep 14 15:01:36 owaspbwa kernel: [   10.505204] acpiphp_glue: Slot 261 already registered by another hotplug driver
Sep 14 15:01:36 owaspbwa kernel: [   10.505218] acpiphp_glue: Slot 262 already registered by another hotplug driver
Sep 14 15:01:36 owaspbwa kernel: [   10.505232] acpiphp_glue: Slot 263 already registered by another hotplug driver
Sep 14 15:15:22 owaspbwa kernel: [  835.207669] hrtimer: interrupt took 16695986 ns
Sep 14 15:32:08 owaspbwa kernel: [ 1841.168704] e1000: eth0 NIC Link is Down
Sep 14 15:32:13 owaspbwa kernel: [ 1846.272862] e1000: eth0 NIC Link is Up 1000 Mbps Full Duplex, Flow Control: None
Sep 15 01:55:42 owaspbwa kernel: imklog 4.2.0, log source = /proc/kmsg started.
Sep 15 01:55:42 owaspbwa rsyslogd: [origin software="rsyslogd" swVersion="4.2.0" x-pid="699" x-info="http://www.rsyslog.com"] (re)start
Sep 15 01:55:42 owaspbwa rsyslogd: rsyslogd's groupid changed to 102
Sep 15 01:55:42 owaspbwa rsyslogd: rsyslogd's userid changed to 101
Sep 15 01:55:42 owaspbwa kernel: [    0.000000] Initializing cgroup subsys cpuset
Sep 15 01:55:42 owaspbwa kernel: [    0.000000] Initializing cgroup subsys cpu
Sep 15 01:55:42 owaspbwa kernel: [    0.000000] Linux version 2.6.32-25-generic-pae (buildd@rothera) (gcc version 4.4.3 (Ubuntu 4.4.3-4ubuntu5) ) #44-Ubuntu SMP Fri Sep 17 21:57:48 UTC 2010 (Ubuntu 2.6.32-25.44-generic-pae 2.6.32.21+drm33.7)
Sep 15 01:55:42 owaspbwa kernel: [    0.000000] KERNEL supported cpus:
Sep 15 01:55:42 owaspbwa kernel: [    0.000000]   Intel GenuineIntel
Sep 15 01:55:42 owaspbwa kernel: [    0.000000]   AMD AuthenticAMD
Sep 15 01:55:42 owaspbwa kernel: [    0.000000]   NSC Geode by NSC
Sep 15 01:55:42 owaspbwa kernel: [    0.000000]   Cyrix CyrixInstead
Sep 15 01:55:42 owaspbwa kernel: [    0.000000]   Centaur CentaurHauls
Sep 15 01:55:42 owaspbwa kernel: [    0.000000]   Transmeta GenuineTMx86
Sep 15 01:55:42 owaspbwa kernel: [    0.000000]   Transmeta TransmetaCPU
Sep 15 01:55:42 owaspbwa kernel: [    0.000000]   UMC UMC UMC UMC
Sep 15 01:55:42 owaspbwa kernel: [    0.000000] BIOS-provided physical RAM map:
Sep 15 01:55:42 owaspbwa kernel: [    0.000000]  BIOS-e820: 0000000000000000 - 000000000009ec00 (usable)
Sep 15 01:55:42 owaspbwa kernel: [    0.000000]  BIOS-e820: 000000000009ec00 - 00000000000a0000 (reserved)
Sep 15 01:55:42 owaspbwa kernel: [    0.000000]  BIOS-e820: 00000000000dc000 - 0000000000100000 (reserved)
Sep 15 01:55:42 owaspbwa kernel: [    0.000000]  BIOS-e820: 0000000000100000 - 000000002fee0000 (usable)
Sep 15 01:55:42 owaspbwa kernel: [    0.000000]  BIOS-e820: 000000002fee0000 - 000000002feff000 (ACPI data)
Sep 15 01:55:42 owaspbwa kernel: [    0.000000]  BIOS-e820: 000000002feff000 - 000000002ff00000 (ACPI NVS)
Sep 15 01:55:42 owaspbwa kernel: [    0.000000]  BIOS-e820: 000000002ff00000 - 0000000030000000 (usable)
Sep 15 01:55:42 owaspbwa kernel: [    0.000000]  BIOS-e820: 00000000f0000000 - 00000000f8000000 (reserved)
Sep 15 01:55:42 owaspbwa kernel: [    0.000000]  BIOS-e820: 00000000fec00000 - 00000000fec10000 (reserved)
Sep 15 01:55:42 owaspbwa kernel: [    0.000000]  BIOS-e820: 00000000fee00000 - 00000000fee01000 (reserved)
Sep 15 01:55:42 owaspbwa kernel: [    0.000000]  BIOS-e820: 00000000fffe0000 - 0000000100000000 (reserved)
Sep 15 01:55:42 owaspbwa kernel: [    0.000000] DMI present.
Sep 15 01:55:42 owaspbwa kernel: [    0.000000] Phoenix BIOS detected: BIOS may corrupt low RAM, working around it.
Sep 15 01:55:42 owaspbwa kernel: [    0.000000] last_pfn = 0x30000 max_arch_pfn = 0x1000000
Sep 15 01:55:42 owaspbwa kernel: [    0.000000] x86 PAT enabled: cpu 0, old 0x7040600070406, new 0x7010600070106
Sep 15 01:55:42 owaspbwa kernel: [    0.000000] Scanning 0 areas for low memory corruption
Sep 15 01:55:42 owaspbwa kernel: [    0.000000] modified physical RAM map:
Sep 15 01:55:42 owaspbwa kernel: [    0.000000]  modified: 0000000000000000 - 0000000000010000 (reserved)
Sep 15 01:55:42 owaspbwa kernel: [    0.000000]  modified: 0000000000010000 - 000000000009ec00 (usable)
Sep 15 01:55:42 owaspbwa kernel: [    0.000000]  modified: 000000000009ec00 - 00000000000a0000 (reserved)
Sep 15 01:55:42 owaspbwa kernel: [    0.000000]  modified: 00000000000dc000 - 0000000000100000 (reserved)
Sep 15 01:55:42 owaspbwa kernel: [    0.000000]  modified: 0000000000100000 - 000000002fee0000 (usable)
Sep 15 01:55:42 owaspbwa kernel: [    0.000000]  modified: 000000002fee0000 - 000000002feff000 (ACPI data)
Sep 15 01:55:42 owaspbwa kernel: [    0.000000]  modified: 000000002feff000 - 000000002ff00000 (ACPI NVS)
Sep 15 01:55:42 owaspbwa kernel: [    0.000000]  modified: 000000002ff00000 - 0000000030000000 (usable)
Sep 15 01:55:42 owaspbwa kernel: [    0.000000]  modified: 00000000f0000000 - 00000000f8000000 (reserved)
Sep 15 01:55:42 owaspbwa kernel: [    0.000000]  modified: 00000000fec00000 - 00000000fec10000 (reserved)
